Component: ARM Compiler 5.06 update 7 (build 960) Tool: armlink [4d3601]

==============================================================================

Section Cross References

    main.o(i.K230_ParseMouseData) refers to main.o(i.K230_NextToken) for K230_NextToken
    main.o(i.K230_ParseMouseData) refers to main.o(i.K230_ParseNumber) for K230_ParseNumber
    main.o(i.K230_ParseMouseData) refers to main.o(i.K230_ParseStatus) for K230_ParseStatus
    main.o(i.MouseDisplay_DrawHeader) refers to lcd_spi_154.o(i.LCD_SetAsciiFont) for LCD_SetAsciiFont
    main.o(i.MouseDisplay_DrawHeader) refers to lcd_spi_154.o(i.LCD_SetColor) for LCD_SetColor
    main.o(i.MouseDisplay_DrawHeader) refers to lcd_spi_154.o(i.LCD_DisplayString) for LCD_DisplayString
    main.o(i.MouseDisplay_DrawHeader) refers to lcd_spi_154.o(i.LCD_DrawLine_H) for LCD_DrawLine_H
    main.o(i.MouseDisplay_DrawHeader) refers to lcd_spi_154.o(i.LCD_DisplayNumber) for LCD_DisplayNumber
    main.o(i.MouseDisplay_DrawHeader) refers to lcd_fonts.o(.data) for ASCII_Font24
    main.o(i.MouseDisplay_DrawHeader) refers to lcd_fonts.o(.data) for ASCII_Font16
    main.o(i.MouseDisplay_DrawLine) refers to lcd_spi_154.o(i.LCD_SetAsciiFont) for LCD_SetAsciiFont
    main.o(i.MouseDisplay_DrawLine) refers to lcd_spi_154.o(i.LCD_SetColor) for LCD_SetColor
    main.o(i.MouseDisplay_DrawLine) refers to lcd_spi_154.o(i.LCD_DisplayString) for LCD_DisplayString
    main.o(i.MouseDisplay_DrawLine) refers to lcd_spi_154.o(i.LCD_DisplayNumber) for LCD_DisplayNumber
    main.o(i.MouseDisplay_DrawLine) refers to lcd_fonts.o(.data) for ASCII_Font24
    main.o(i.MouseDisplay_DrawMouse) refers to main.o(i.MouseDisplay_DrawHeader) for MouseDisplay_DrawHeader
    main.o(i.MouseDisplay_DrawMouse) refers to main.o(i.MouseDisplay_DrawLine) for MouseDisplay_DrawLine
    main.o(i.MouseDisplay_DrawMouse) refers to main.o(i.MouseDisplay_DrawStatus) for MouseDisplay_DrawStatus
    main.o(i.MouseDisplay_DrawMouse) refers to lcd_spi_154.o(i.LCD_SetAsciiFont) for LCD_SetAsciiFont
    main.o(i.MouseDisplay_DrawMouse) refers to lcd_spi_154.o(i.LCD_SetColor) for LCD_SetColor
    main.o(i.MouseDisplay_DrawMouse) refers to lcd_spi_154.o(i.LCD_DisplayString) for LCD_DisplayString
    main.o(i.MouseDisplay_DrawMouse) refers to lcd_fonts.o(.data) for ASCII_Font16
    main.o(i.MouseDisplay_DrawStatus) refers to lcd_spi_154.o(i.LCD_SetAsciiFont) for LCD_SetAsciiFont
    main.o(i.MouseDisplay_DrawStatus) refers to lcd_spi_154.o(i.LCD_SetColor) for LCD_SetColor
    main.o(i.MouseDisplay_DrawStatus) refers to lcd_spi_154.o(i.LCD_DisplayString) for LCD_DisplayString
    main.o(i.MouseDisplay_DrawStatus) refers to lcd_fonts.o(.data) for ASCII_Font24
    main.o(i.MouseDisplay_DrawStatus) refers to main.o(i.MouseDisplay_DrawSummary) for i.MouseDisplay_DrawSummary
    main.o(i.MouseDisplay_DrawSummary) refers to main.o(i.MouseDisplay_DrawHeader) for MouseDisplay_DrawHeader
    main.o(i.MouseDisplay_DrawSummary) refers to main.o(i.MouseDisplay_DrawLine) for MouseDisplay_DrawLine
    main.o(i.MouseDisplay_DrawSummary) refers to lcd_spi_154.o(i.LCD_SetAsciiFont) for LCD_SetAsciiFont
    main.o(i.MouseDisplay_DrawSummary) refers to lcd_spi_154.o(i.LCD_SetColor) for LCD_SetColor
    main.o(i.MouseDisplay_DrawSummary) refers to lcd_spi_154.o(i.LCD_DisplayString) for LCD_DisplayString
    main.o(i.MouseDisplay_DrawSummary) refers to lcd_fonts.o(.data) for ASCII_Font16
    main.o(i.MouseDisplay_DrawSummary) refers to main.o(i.MouseDisplay_DrawMouse) for i.MouseDisplay_DrawMouse
    main.o(i.main) refers to delay.o(i.Delay_Init) for Delay_Init
    main.o(i.main) refers to led.o(i.LED_Init) for LED_Init
    main.o(i.main) refers to key.o(i.KEY_Init) for KEY_Init
    main.o(i.main) refers to usart.o(i.Usart_Config) for Usart_Config
    main.o(i.main) refers to lcd_spi_154.o(i.SPI_LCD_Init) for SPI_LCD_Init
    main.o(i.main) refers to lcd_spi_154.o(i.LCD_SetDirection) for LCD_SetDirection
    main.o(i.main) refers to lcd_spi_154.o(i.LCD_SetBackColor) for LCD_SetBackColor
    main.o(i.main) refers to lcd_spi_154.o(i.LCD_Clear) for LCD_Clear
    main.o(i.main) refers to usart.o(i.K230_ReadLine) for K230_ReadLine
    main.o(i.main) refers to main.o(i.K230_ParseMouseData) for K230_ParseMouseData
    main.o(i.main) refers to key.o(i.KEY_Scan) for KEY_Scan
    main.o(i.main) refers to lcd_spi_154.o(i.LCD_ShowNumMode) for LCD_ShowNumMode
    main.o(i.main) refers to main.o(i.MouseDisplay_DrawMouse) for MouseDisplay_DrawMouse
    main.o(i.main) refers to main.o(i.MouseDisplay_DrawSummary) for MouseDisplay_DrawSummary
    main.o(i.main) refers to main.o(.data) for .data
    stm32f4xx_it.o(i.SysTick_Handler) refers to delay.o(i.TimingDelay_Decrement) for TimingDelay_Decrement
    stm32f4xx_it.o(i.USART1_IRQHandler) refers to usart.o(i.K230_UartRxHandler) for K230_UartRxHandler
    led.o(i.LED_Init) refers to stm32f4xx_rcc.o(i.RCC_AHB1PeriphClockCmd) for RCC_AHB1PeriphClockCmd
[...]
    printf0.o(i.__0fprintf$0) refers to usart.o(i.fputc) for fputc
    printf0.o(i.__0printf$0) refers to printf0.o(i._printf_core) for _printf_core
    printf0.o(i.__0printf$0) refers to usart.o(i.fputc) for fputc
    printf0.o(i.__0printf$0) refers to stdout.o(.data) for __stdout
    printf0.o(i.__0snprintf$0) refers to printf0.o(i._printf_core) for _printf_core
    printf0.o(i.__0snprintf$0) refers to printf0.o(i._snputc) for _snputc
    printf0.o(i.__0sprintf$0) refers to printf0.o(i._printf_core) for _printf_core
    printf0.o(i.__0sprintf$0) refers to printf0.o(i._sputc) for _sputc
    printf0.o(i.__0vfprintf$0) refers to printf0.o(i._printf_core) for _printf_core
    printf0.o(i.__0vfprintf$0) refers to usart.o(i.fputc) for fputc
    printf0.o(i.__0vprintf$0) refers to printf0.o(i._printf_core) for _printf_core
    printf0.o(i.__0vprintf$0) refers to usart.o(i.fputc) for fputc
    printf0.o(i.__0vprintf$0) refers to stdout.o(.data) for __stdout
    printf0.o(i.__0vsnprintf$0) refers to printf0.o(i._printf_core) for _printf_core
    printf0.o(i.__0vsnprintf$0) refers to printf0.o(i._snputc) for _snputc
    printf0.o(i.__0vsprintf$0) refers to printf0.o(i._printf_core) for _printf_core
    printf0.o(i.__0vsprintf$0) refers to printf0.o(i._sputc) for _sputc
    printf1.o(i.__0fprintf$1) refers to printf1.o(i._printf_core) for _printf_core
    printf1.o(i.__0fprintf$1) refers to usart.o(i.fputc) for fputc
    printf1.o(i.__0printf$1) refers to printf1.o(i._printf_core) for _printf_core
    printf1.o(i.__0printf$1) refers to usart.o(i.fputc) for fputc
    printf1.o(i.__0printf$1) refers to stdout.o(.data) for __stdout
    printf1.o(i.__0snprintf$1) refers to printf1.o(i._printf_core) for _printf_core
    printf1.o(i.__0snprintf$1) refers to printf1.o(i._snputc) for _snputc
    printf1.o(i.__0sprintf$1) refers to printf1.o(i._printf_core) for _printf_core
    printf1.o(i.__0sprintf$1) refers to printf1.o(i._sputc) for _sputc
    printf1.o(i.__0vfprintf$1) refers to printf1.o(i._printf_core) for _printf_core
    printf1.o(i.__0vfprintf$1) refers to usart.o(i.fputc) for fputc
    printf1.o(i.__0vprintf$1) refers to printf1.o(i._printf_core) for _printf_core
    printf1.o(i.__0vprintf$1) refers to usart.o(i.fputc) for fputc
    printf1.o(i.__0vprintf$1) refers to stdout.o(.data) for __stdout
    printf1.o(i.__0vsnprintf$1) refers to printf1.o(i._printf_core) for _printf_core
    printf1.o(i.__0vsnprintf$1) refers to printf1.o(i._snputc) for _snputc
    printf1.o(i.__0vsprintf$1) refers to printf1.o(i._printf_core) for _printf_core
    printf1.o(i.__0vsprintf$1) refers to printf1.o(i._sputc) for _sputc
    printf1.o(i._printf_core) refers to uidiv.o(.text) for __aeabi_uidivmod
    printf2.o(i.__0fprintf$2) refers to printf2.o(i._printf_core) for _printf_core
    printf2.o(i.__0fprintf$2) refers to usart.o(i.fputc) for fputc
    printf2.o(i.__0printf$2) refers to printf2.o(i._printf_core) for _printf_core
    printf2.o(i.__0printf$2) refers to usart.o(i.fputc) for fputc
    printf2.o(i.__0printf$2) refers to stdout.o(.data) for __stdout
    printf2.o(i.__0snprintf$2) refers to printf2.o(i._printf_core) for _printf_core
    printf2.o(i.__0snprintf$2) refers to printf2.o(i._snputc) for _snputc
    printf2.o(i.__0sprintf$2) refers to printf2.o(i._printf_core) for _printf_core
    printf2.o(i.__0sprintf$2) refers to printf2.o(i._sputc) for _sputc
    printf2.o(i.__0vfprintf$2) refers to printf2.o(i._printf_core) for _printf_core
    printf2.o(i.__0vfprintf$2) refers to usart.o(i.fputc) for fputc
    printf2.o(i.__0vprintf$2) refers to printf2.o(i._printf_core) for _printf_core
    printf2.o(i.__0vprintf$2) refers to usart.o(i.fputc) for fputc
    printf2.o(i.__0vprintf$2) refers to stdout.o(.data) for __stdout
    printf2.o(i.__0vsnprintf$2) refers to printf2.o(i._printf_core) for _printf_core
    printf2.o(i.__0vsnprintf$2) refers to printf2.o(i._snputc) for _snputc
    printf2.o(i.__0vsprintf$2) refers to printf2.o(i._printf_core) for _printf_core
    printf2.o(i.__0vsprintf$2) refers to printf2.o(i._sputc) for _sputc
    printf3.o(i.__0fprintf$3) refers to printf3.o(i._printf_core) for _printf_core
    printf3.o(i.__0fprintf$3) refers to usart.o(i.fputc) for fputc
    printf3.o(i.__0printf$3) refers to printf3.o(i._printf_core) for _printf_core
    printf3.o(i.__0printf$3) refers to usart.o(i.fputc) for fputc
    printf3.o(i.__0printf$3) refers to stdout.o(.data) for __stdout
    printf3.o(i.__0snprintf$3) refers to printf3.o(i._printf_core) for _printf_core
    printf3.o(i.__0snprintf$3) refers to printf3.o(i._snputc) for _snputc
    printf3.o(i.__0sprintf$3) refers to printf3.o(i._printf_core) for _printf_core
    printf3.o(i.__0sprintf$3) refers to printf3.o(i._sputc) for _sputc
    printf3.o(i.__0vfprintf$3) refers to printf3.o(i._printf_core) for _printf_core
    printf3.o(i.__0vfprintf$3) refers to usart.o(i.fputc) for fputc
    printf3.o(i.__0vprintf$3) refers to printf3.o(i._printf_core) for _printf_core
    printf3.o(i.__0vprintf$3) refers to usart.o(i.fputc) for fputc
    printf3.o(i.__0vprintf$3) refers to stdout.o(.data) for __stdout
    printf3.o(i.__0vsnprintf$3) refers to printf3.o(i._printf_core) for _printf_core
    printf3.o(i.__0vsnprintf$3) refers to printf3.o(i._snputc) for _snputc
    printf3.o(i.__0vsprintf$3) refers to printf3.o(i._printf_core) for _printf_core
    printf3.o(i.__0vsprintf$3) refers to printf3.o(i._sputc) for _sputc
    printf3.o(i._printf_core) refers to uidiv.o(.text) for __aeabi_uidivmod
    printf4.o(i.__0fprintf$4) refers to printf4.o(i._printf_core) for _printf_core
    printf4.o(i.__0fprintf$4) refers to usart.o(i.fputc) for fputc
    printf4.o(i.__0printf$4) refers to printf4.o(i._printf_core) for _printf_core
    printf4.o(i.__0printf$4) refers to usart.o(i.fputc) for fputc
    printf4.o(i.__0printf$4) refers to stdout.o(.data) for __stdout
    printf4.o(i.__0snprintf$4) refers to printf4.o(i._printf_core) for _printf_core
    printf4.o(i.__0snprintf$4) refers to printf4.o(i._snputc) for _snputc
    printf4.o(i.__0sprintf$4) refers to printf4.o(i._printf_core) for _printf_core
    printf4.o(i.__0sprintf$4) refers to printf4.o(i._sputc) for _sputc
    printf4.o(i.__0vfprintf$4) refers to printf4.o(i._printf_core) for _printf_core
    printf4.o(i.__0vfprintf$4) refers to usart.o(i.fputc) for fputc
    printf4.o(i.__0vprintf$4) refers to printf4.o(i._printf_core) for _printf_core
    printf4.o(i.__0vprintf$4) refers to usart.o(i.fputc) for fputc
    printf4.o(i.__0vprintf$4) refers to stdout.o(.data) for __stdout
    printf4.o(i.__0vsnprintf$4) refers to printf4.o(i._printf_core) for _printf_core
    printf4.o(i.__0vsnprintf$4) refers to printf4.o(i._snputc) for _snputc
    printf4.o(i.__0vsprintf$4) refers to printf4.o(i._printf_core) for _printf_core
    printf4.o(i.__0vsprintf$4) refers to printf4.o(i._sputc) for _sputc
    printf4.o(i._printf_core) refers to uldiv.o(.text) for __aeabi_uldivmod
    printf5.o(i.__0fprintf$5) refers to printf5.o(i._printf_core) for _printf_core
    printf5.o(i.__0fprintf$5) refers to usart.o(i.fputc) for fputc
    printf5.o(i.__0printf$5) refers to printf5.o(i._printf_core) for _printf_core
    printf5.o(i.__0printf$5) refers to usart.o(i.fputc) for fputc
    printf5.o(i.__0printf$5) refers to stdout.o(.data) for __stdout
    printf5.o(i.__0snprintf$5) refers to printf5.o(i._printf_core) for _printf_core
    printf5.o(i.__0snprintf$5) refers to printf5.o(i._snputc) for _snputc
    printf5.o(i.__0sprintf$5) refers to printf5.o(i._printf_core) for _printf_core
    printf5.o(i.__0sprintf$5) refers to printf5.o(i._sputc) for _sputc
    printf5.o(i.__0vfprintf$5) refers to printf5.o(i._printf_core) for _printf_core
    printf5.o(i.__0vfprintf$5) refers to usart.o(i.fputc) for fputc
    printf5.o(i.__0vprintf$5) refers to printf5.o(i._printf_core) for _printf_core
    printf5.o(i.__0vprintf$5) refers to usart.o(i.fputc) for fputc
    printf5.o(i.__0vprintf$5) refers to stdout.o(.data) for __stdout
    printf5.o(i.__0vsnprintf$5) refers to printf5.o(i._printf_core) for _printf_core
    printf5.o(i.__0vsnprintf$5) refers to printf5.o(i._snputc) for _snputc
    printf5.o(i.__0vsprintf$5) refers to printf5.o(i._printf_core) for _printf_core
    printf5.o(i.__0vsprintf$5) refers to printf5.o(i._sputc) for _sputc
    printf5.o(i._printf_core) refers to uldiv.o(.text) for __aeabi_uldivmod
    printf6.o(i.__0fprintf$6) refers to printf6.o(i._printf_core) for _printf_core
    printf6.o(i.__0fprintf$6) refers to usart.o(i.fputc) for fputc
    printf6.o(i.__0printf$6) refers to printf6.o(i._printf_core) for _printf_core
    printf6.o(i.__0printf$6) refers to usart.o(i.fputc) for fputc
    printf6.o(i.__0printf$6) refers to stdout.o(.data) for __stdout
    printf6.o(i.__0snprintf$6) refers to printf6.o(i._printf_core) for _printf_core
    printf6.o(i.__0snprintf$6) refers to printf6.o(i._snputc) for _snputc
    printf6.o(i.__0sprintf$6) refers to printf6.o(i._printf_core) for _printf_core
    printf6.o(i.__0sprintf$6) refers to printf6.o(i._sputc) for _sputc
    printf6.o(i.__0vfprintf$6) refers to printf6.o(i._printf_core) for _printf_core
    printf6.o(i.__0vfprintf$6) refers to usart.o(i.fputc) for fputc
    printf6.o(i.__0vprintf$6) refers to printf6.o(i._printf_core) for _printf_core
    printf6.o(i.__0vprintf$6) refers to usart.o(i.fputc) for fputc
    printf6.o(i.__0vprintf$6) refers to stdout.o(.data) for __stdout
    printf6.o(i.__0vsnprintf$6) refers to printf6.o(i._printf_core) for _printf_core
    printf6.o(i.__0vsnprintf$6) refers to printf6.o(i._snputc) for _snputc
    printf6.o(i.__0vsprintf$6) refers to printf6.o(i._printf_core) for _printf_core
    printf6.o(i.__0vsprintf$6) refers to printf6.o(i._sputc) for _sputc
    printf6.o(i._printf_core) refers to printf6.o(i._printf_pre_padding) for _printf_pre_padding
    printf6.o(i._printf_core) refers to uidiv.o(.text) for __aeabi_uidivmod
    printf6.o(i._printf_core) refers to printf6.o(i._printf_post_padding) for _printf_post_padding
    printf7.o(i.__0fprintf$7) refers to printf7.o(i._printf_core) for _printf_core
    printf7.o(i.__0fprintf$7) refers to usart.o(i.fputc) for fputc
    printf7.o(i.__0printf$7) refers to printf7.o(i._printf_core) for _printf_core
    printf7.o(i.__0printf$7) refers to usart.o(i.fputc) for fputc
    printf7.o(i.__0printf$7) refers to stdout.o(.data) for __stdout
    printf7.o(i.__0snprintf$7) refers to printf7.o(i._printf_core) for _printf_core
    printf7.o(i.__0snprintf$7) refers to printf7.o(i._snputc) for _snputc
    printf7.o(i.__0sprintf$7) refers to printf7.o(i._printf_core) for _printf_core
    printf7.o(i.__0sprintf$7) refers to printf7.o(i._sputc) for _sputc
    printf7.o(i.__0vfprintf$7) refers to printf7.o(i._printf_core) for _printf_core
    printf7.o(i.__0vfprintf$7) refers to usart.o(i.fputc) for fputc
    printf7.o(i.__0vprintf$7) refers to printf7.o(i._printf_core) for _printf_core
    printf7.o(i.__0vprintf$7) refers to usart.o(i.fputc) for fputc
    printf7.o(i.__0vprintf$7) refers to stdout.o(.data) for __stdout
    printf7.o(i.__0vsnprintf$7) refers to printf7.o(i._printf_core) for _printf_core
    printf7.o(i.__0vsnprintf$7) refers to printf7.o(i._snputc) for _snputc
    printf7.o(i.__0vsprintf$7) refers to printf7.o(i._printf_core) for _printf_core
    printf7.o(i.__0vsprintf$7) refers to printf7.o(i._sputc) for _sputc
    printf7.o(i._printf_core) refers to printf7.o(i._printf_pre_padding) for _printf_pre_padding
    printf7.o(i._printf_core) refers to uldiv.o(.text) for __aeabi_uldivmod
    printf7.o(i._printf_core) refers to printf7.o(i._printf_post_padding) for _printf_post_padding
    printf8.o(i.__0fprintf$8) refers to printf8.o(i._printf_core) for _printf_core
    printf8.o(i.__0fprintf$8) refers to usart.o(i.fputc) for fputc
    printf8.o(i.__0printf$8) refers to printf8.o(i._printf_core) for _printf_core
    printf8.o(i.__0printf$8) refers to usart.o(i.fputc) for fputc
    printf8.o(i.__0printf$8) refers to stdout.o(.data) for __stdout
    printf8.o(i.__0snprintf$8) refers to printf8.o(i._printf_core) for _printf_core
    printf8.o(i.__0snprintf$8) refers to printf8.o(i._snputc) for _snputc
    printf8.o(i.__0sprintf$8) refers to printf8.o(i._printf_core) for _printf_core
    printf8.o(i.__0sprintf$8) refers to printf8.o(i._sputc) for _sputc
    printf8.o(i.__0vfprintf$8) refers to printf8.o(i._printf_core) for _printf_core
    printf8.o(i.__0vfprintf$8) refers to usart.o(i.fputc) for fputc
    printf8.o(i.__0vprintf$8) refers to printf8.o(i._printf_core) for _printf_core
    printf8.o(i.__0vprintf$8) refers to usart.o(i.fputc) for fputc
    printf8.o(i.__0vprintf$8) refers to stdout.o(.data) for __stdout
    printf8.o(i.__0vsnprintf$8) refers to printf8.o(i._printf_core) for _printf_core
    printf8.o(i.__0vsnprintf$8) refers to printf8.o(i._snputc) for _snputc
    printf8.o(i.__0vsprintf$8) refers to printf8.o(i._printf_core) for _printf_core
    printf8.o(i.__0vsprintf$8) refers to printf8.o(i._sputc) for _sputc
    printf8.o(i._printf_core) refers to printf8.o(i._printf_pre_padding) for _printf_pre_padding
    printf8.o(i._printf_core) refers to uldiv.o(.text) for __aeabi_uldivmod
    printf8.o(i._printf_core) refers to printf8.o(i._printf_post_padding) for _printf_post_padding
    printfa.o(i.__0fprintf) refers (Special) to iusefp.o(.text) for __I$use$fp
    printfa.o(i.__0fprintf) refers to printfa.o(i._printf_core) for _printf_core
    printfa.o(i.__0fprintf) refers to usart.o(i.fputc) for fputc
    printfa.o(i.__0printf) refers (Special) to iusefp.o(.text) for __I$use$fp
    printfa.o(i.__0printf) refers to printfa.o(i._printf_core) for _printf_core
    printfa.o(i.__0printf) refers to usart.o(i.fputc) for fputc
    printfa.o(i.__0printf) refers to stdout.o(.data) for __stdout
    printfa.o(i.__0snprintf) refers (Special) to iusefp.o(.text) for __I$use$fp
    printfa.o(i.__0snprintf) refers to printfa.o(i._printf_core) for _printf_core
    printfa.o(i.__0snprintf) refers to printfa.o(i._snputc) for _snputc
    printfa.o(i.__0sprintf) refers (Special) to iusefp.o(.text) for __I$use$fp
    printfa.o(i.__0sprintf) refers to printfa.o(i._printf_core) for _printf_core
    printfa.o(i.__0sprintf) refers to printfa.o(i._sputc) for _sputc
    printfa.o(i.__0vfprintf) refers (Special) to iusefp.o(.text) for __I$use$fp
    printfa.o(i.__0vfprintf) refers to printfa.o(i._printf_core) for _printf_core
    printfa.o(i.__0vfprintf) refers to usart.o(i.fputc) for fputc
    printfa.o(i.__0vprintf) refers (Special) to iusefp.o(.text) for __I$use$fp
    printfa.o(i.__0vprintf) refers to printfa.o(i._printf_core) for _printf_core
    printfa.o(i.__0vprintf) refers to usart.o(i.fputc) for fputc
    printfa.o(i.__0vprintf) refers to stdout.o(.data) for __stdout
    printfa.o(i.__0vsnprintf) refers (Special) to iusefp.o(.text) for __I$use$fp
    printfa.o(i.__0vsnprintf) refers to printfa.o(i._printf_core) for _printf_core
    printfa.o(i.__0vsnprintf) refers to printfa.o(i._snputc) for _snputc
    printfa.o(i.__0vsprintf) refers (Special) to iusefp.o(.text) for __I$use$fp
    printfa.o(i.__0vsprintf) refers to printfa.o(i._printf_core) for _printf_core
    printfa.o(i.__0vsprintf) refers to printfa.o(i._sputc) for _sputc
    printfa.o(i._fp_digits) refers (Special) to iusefp.o(.text) for __I$use$fp
    printfa.o(i._fp_digits) refers to dmul.o(.text) for __aeabi_dmul
    printfa.o(i._fp_digits) refers to ddiv.o(.text) for __aeabi_ddiv
    printfa.o(i._fp_digits) refers to cdrcmple.o(.text) for __aeabi_cdrcmple
    printfa.o(i._fp_digits) refers to dadd.o(.text) for __aeabi_dadd
    printfa.o(i._fp_digits) refers to dfixul.o(.text) for __aeabi_d2ulz
    printfa.o(i._fp_digits) refers to uldiv.o(.text) for __aeabi_uldivmod
    printfa.o(i._printf_core) refers (Special) to iusefp.o(.text) for __I$use$fp
    printfa.o(i._printf_core) refers to printfa.o(i._printf_pre_padding) for _printf_pre_padding
    printfa.o(i._printf_core) refers to uldiv.o(.text) for __aeabi_uldivmod
    printfa.o(i._printf_core) refers to printfa.o(i._printf_post_padding) for _printf_post_padding
    printfa.o(i._printf_core) refers to printfa.o(i._fp_digits) for _fp_digits
    printfa.o(i._printf_core) refers to uidiv.o(.text) for __aeabi_uidivmod
    printfa.o(i._printf_post_padding) refers (Special) to iusefp.o(.text) for __I$use$fp
    printfa.o(i._printf_pre_padding) refers (Special) to iusefp.o(.text) for __I$use$fp
    printfa.o(i._snputc) refers (Special) to iusefp.o(.text) for __I$use$fp
    printfa.o(i._sputc) refers (Special) to iusefp.o(.text) for __I$use$fp
    entry2.o(.ARM.Collect$$$$00000001) refers to entry2.o(.ARM.Collect$$$$00002712) for __lit__00000000
    entry2.o(.ARM.Collect$$$$00002712) refers to startup_stm32f40_41xxx.o(STACK) for __initial_sp
    entry2.o(__vectab_stack_and_reset_area) refers to startup_stm32f40_41xxx.o(STACK) for __initial_sp
    entry2.o(__vectab_stack_and_reset_area) refers to entry.o(.ARM.Collect$$$$00000000) for __main
    entry5.o(.ARM.Collect$$$$00000004) refers to init.o(.text) for __scatterload
    entry9a.o(.ARM.Collect$$$$0000000B) refers to main.o(i.main) for main
    entry9b.o(.ARM.Collect$$$$0000000C) refers to main.o(i.main) for main
    uldiv.o(.text) refers to llushr.o(.text) for __aeabi_llsr
    uldiv.o(.text) refers to llshl.o(.text) for __aeabi_llsl
    dadd.o(.text) refers to llshl.o(.text) for __aeabi_llsl
    dadd.o(.text) refers to llsshr.o(.text) for __aeabi_lasr
    dadd.o(.text) refers to depilogue.o(.text) for _double_epilogue
    dmul.o(.text) refers to depilogue.o(.text) for _double_epilogue
    ddiv.o(.text) refers to depilogue.o(.text) for _double_round
    dfixul.o(.text) refers to llushr.o(.text) for __aeabi_llsr
    dfixul.o(.text) refers to llshl.o(.text) for __aeabi_llsl
    init.o(.text) refers to entry5.o(.ARM.Collect$$$$00000004) for __main_after_scatterload
    depilogue.o(.text) refers to llshl.o(.text) for __aeabi_llsl
    depilogue.o(.text) refers to llushr.o(.text) for __aeabi_llsr


==============================================================================

Removing Unused input sections from the image.

    Removing main.o(.rev16_text), (4 bytes).
    Removing main.o(.revsh_text), (4 bytes).
    Removing main.o(.rrx_text), (6 bytes).
    Removing stm32f4xx_it.o(.rev16_text), (4 bytes).
    Removing stm32f4xx_it.o(.revsh_text), (4 bytes).
    Removing stm32f4xx_it.o(.rrx_text), (6 bytes).
    Removing led.o(.rev16_text), (4 bytes).
    Removing led.o(.revsh_text), (4 bytes).
    Removing led.o(.rrx_text), (6 bytes).
    Removing delay.o(.rev16_text), (4 bytes).
    Removing delay.o(.revsh_text), (4 bytes).
    Removing delay.o(.rrx_text), (6 bytes).
    Removing key.o(.rev16_text), (4 bytes).
    Removing key.o(.revsh_text), (4 bytes).
    Removing key.o(.rrx_text), (6 bytes).
    Removing usart.o(.rev16_text), (4 bytes).
    Removing usart.o(.revsh_text), (4 bytes).
    Removing usart.o(.rrx_text), (6 bytes).
    Removing usart.o(i.fputc), (36 bytes).
    Removing lcd_fonts.o(.constdata), (480 bytes).
    Removing lcd_fonts.o(.constdata), (640 bytes).
    Removing lcd_fonts.o(.constdata), (1200 bytes).
    Removing lcd_fonts.o(.constdata), (4680 bytes).
    Removing lcd_fonts.o(.constdata), (2560 bytes).
    Removing lcd_fonts.o(.constdata), (6080 bytes).
    Removing lcd_fonts.o(.constdata), (3800 bytes).
    Removing lcd_fonts.o(.constdata), (1140 bytes).
    Removing lcd_fonts.o(.data), (12 bytes).
    Removing lcd_fonts.o(.data), (12 bytes).
    Removing lcd_fonts.o(.data), (12 bytes).
    Removing lcd_fonts.o(.data), (12 bytes).
    Removing lcd_fonts.o(.data), (12 bytes).
    Removing lcd_fonts.o(.data), (12 bytes).
    Removing lcd_fonts.o(.data), (12 bytes).
    Removing lcd_fonts.o(.data), (12 bytes).
    Removing lcd_image.o(.constdata), (913 bytes).
    Removing lcd_image.o(.constdata), (913 bytes).
    Removing lcd_image.o(.constdata), (913 bytes).
    Removing lcd_image.o(.constdata), (913 bytes).
    Removing lcd_spi_154.o(.rev16_text), (4 bytes).
    Removing lcd_spi_154.o(.revsh_text), (4 bytes).
    Removing lcd_spi_154.o(.rrx_text), (6 bytes).
    Removing lcd_spi_154.o(i.LCD_ClearRect), (144 bytes).
    Removing lcd_spi_154.o(i.LCD_DisplayChinese), (228 bytes).
    Removing lcd_spi_154.o(i.LCD_DisplayDecimals), (64 bytes).
    Removing lcd_spi_154.o(i.LCD_DisplayText), (72 bytes).
    Removing lcd_spi_154.o(i.LCD_DrawCircle), (140 bytes).
    Removing lcd_spi_154.o(i.LCD_DrawEllipse), (472 bytes).
    Removing lcd_spi_154.o(i.LCD_DrawImage), (288 bytes).
    Removing lcd_spi_154.o(i.LCD_DrawLine), (188 bytes).
    Removing lcd_spi_154.o(i.LCD_DrawLine_V), (64 bytes).
    Removing lcd_spi_154.o(i.LCD_DrawPoint), (56 bytes).
    Removing lcd_spi_154.o(i.LCD_DrawRect), (58 bytes).
    Removing lcd_spi_154.o(i.LCD_FillCircle), (144 bytes).
    Removing lcd_spi_154.o(i.LCD_FillRect), (144 bytes).
    Removing lcd_spi_154.o(i.LCD_SetTextFont), (76 bytes).
    Removing startup_stm32f40_41xxx.o(HEAP), (512 bytes).
    Removing system_stm32f4xx.o(.rev16_text), (4 bytes).
    Removing system_stm32f4xx.o(.revsh_text), (4 bytes).
    Removing system_stm32f4xx.o(.rrx_text), (6 bytes).
    Removing system_stm32f4xx.o(i.SystemCoreClockUpdate), (120 bytes).
    Removing misc.o(.rev16_text), (4 bytes).
    Removing misc.o(.revsh_text), (4 bytes).
    Removing misc.o(.rrx_text), (6 bytes).
    Removing misc.o(i.NVIC_Init), (100 bytes).
    Removing misc.o(i.NVIC_PriorityGroupConfig), (20 bytes).
    Removing misc.o(i.NVIC_SetVectorTable), (20 bytes).
    Removing misc.o(i.NVIC_SystemLPConfig), (24 bytes).
    Removing misc.o(i.SysTick_CLKSourceConfig), (24 bytes).
    Removing stm32f4xx_rcc.o(.rev16_text), (4 bytes).
    Removing stm32f4xx_rcc.o(.revsh_text), (4 bytes).
    Removing stm32f4xx_rcc.o(.rrx_text), (6 bytes).
    Removing stm32f4xx_rcc.o(i.RCC_AHB1PeriphClockLPModeCmd), (24 bytes).
    Removing stm32f4xx_rcc.o(i.RCC_AHB1PeriphResetCmd), (24 bytes).
    Removing stm32f4xx_rcc.o(i.RCC_AHB2PeriphClockCmd), (24 bytes).
    Removing stm32f4xx_rcc.o(i.RCC_AHB2PeriphClockLPModeCmd), (24 bytes).
    Removing stm32f4xx_rcc.o(i.RCC_AHB2PeriphResetCmd), (24 bytes).
    Removing stm32f4xx_rcc.o(i.RCC_AHB3PeriphClockCmd), (24 bytes).
    Removing stm32f4xx_rcc.o(i.RCC_AHB3PeriphClockLPModeCmd), (24 bytes).
    Removing stm32f4xx_rcc.o(i.RCC_AHB3PeriphResetCmd), (24 bytes).
    Removing stm32f4xx_rcc.o(i.RCC_APB1PeriphClockLPModeCmd), (24 bytes).
    Removing stm32f4xx_rcc.o(i.RCC_APB1PeriphResetCmd), (24 bytes).
    Removing stm32f4xx_rcc.o(i.RCC_APB2PeriphClockLPModeCmd), (24 bytes).
    Removing stm32f4xx_rcc.o(i.RCC_APB2PeriphResetCmd), (24 bytes).
    Removing stm32f4xx_rcc.o(i.RCC_AdjustHSICalibrationValue), (20 bytes).
    Removing stm32f4xx_rcc.o(i.RCC_BackupResetCmd), (12 bytes).
    Removing stm32f4xx_rcc.o(i.RCC_ClearFlag), (16 bytes).
    Removing stm32f4xx_rcc.o(i.RCC_ClearITPendingBit), (12 bytes).
    Removing stm32f4xx_rcc.o(i.RCC_ClockSecuritySystemCmd), (12 bytes).
    Removing stm32f4xx_rcc.o(i.RCC_DeInit), (84 bytes).
    Removing stm32f4xx_rcc.o(i.RCC_GetFlagStatus), (52 bytes).
    Removing stm32f4xx_rcc.o(i.RCC_GetITStatus), (20 bytes).
    Removing stm32f4xx_rcc.o(i.RCC_GetSYSCLKSource), (16 bytes).
    Removing stm32f4xx_rcc.o(i.RCC_HCLKConfig), (20 bytes).
    Removing stm32f4xx_rcc.o(i.RCC_HSEConfig), (16 bytes).
    Removing stm32f4xx_rcc.o(i.RCC_HSICmd), (12 bytes).
    Removing stm32f4xx_rcc.o(i.RCC_I2SCLKConfig), (12 bytes).
    Removing stm32f4xx_rcc.o(i.RCC_ITConfig), (24 bytes).
    Removing stm32f4xx_rcc.o(i.RCC_LSEConfig), (28 bytes).
    Removing stm32f4xx_rcc.o(i.RCC_LSEModeConfig), (28 bytes).
    Removing stm32f4xx_rcc.o(i.RCC_LSICmd), (12 bytes).
    Removing stm32f4xx_rcc.o(i.RCC_LTDCCLKDivConfig), (20 bytes).
    Removing stm32f4xx_rcc.o(i.RCC_MCO1Config), (20 bytes).
    Removing stm32f4xx_rcc.o(i.RCC_MCO2Config), (20 bytes).
    Removing stm32f4xx_rcc.o(i.RCC_PCLK1Config), (20 bytes).
    Removing stm32f4xx_rcc.o(i.RCC_PCLK2Config), (20 bytes).
    Removing stm32f4xx_rcc.o(i.RCC_PLLCmd), (12 bytes).
    Removing stm32f4xx_rcc.o(i.RCC_PLLConfig), (40 bytes).
    Removing stm32f4xx_rcc.o(i.RCC_PLLI2SCmd), (12 bytes).
    Removing stm32f4xx_rcc.o(i.RCC_PLLI2SConfig), (16 bytes).
    Removing stm32f4xx_rcc.o(i.RCC_PLLSAICmd), (12 bytes).
    Removing stm32f4xx_rcc.o(i.RCC_PLLSAIConfig), (20 bytes).
    Removing stm32f4xx_rcc.o(i.RCC_RTCCLKCmd), (12 bytes).
    Removing stm32f4xx_rcc.o(i.RCC_RTCCLKConfig), (48 bytes).
    Removing stm32f4xx_rcc.o(i.RCC_SAIBlockACLKConfig), (20 bytes).
    Removing stm32f4xx_rcc.o(i.RCC_SAIBlockBCLKConfig), (20 bytes).
    Removing stm32f4xx_rcc.o(i.RCC_SAIPLLI2SClkDivConfig), (20 bytes).
    Removing stm32f4xx_rcc.o(i.RCC_SAIPLLSAIClkDivConfig), (28 bytes).
    Removing stm32f4xx_rcc.o(i.RCC_SYSCLKConfig), (20 bytes).
    Removing stm32f4xx_rcc.o(i.RCC_TIMCLKPresConfig), (12 bytes).
    Removing stm32f4xx_rcc.o(i.RCC_WaitForHSEStartUp), (44 bytes).
    Removing stm32f4xx_gpio.o(.rev16_text), (4 bytes).
    Removing stm32f4xx_gpio.o(.revsh_text), (4 bytes).
    Removing stm32f4xx_gpio.o(.rrx_text), (6 bytes).
    Removing stm32f4xx_gpio.o(i.GPIO_DeInit), (260 bytes).
    Removing stm32f4xx_gpio.o(i.GPIO_PinLockConfig), (24 bytes).
    Removing stm32f4xx_gpio.o(i.GPIO_ReadInputData), (6 bytes).
    Removing stm32f4xx_gpio.o(i.GPIO_ReadOutputData), (6 bytes).
    Removing stm32f4xx_gpio.o(i.GPIO_ReadOutputDataBit), (14 bytes).
    Removing stm32f4xx_gpio.o(i.GPIO_StructInit), (18 bytes).
    Removing stm32f4xx_gpio.o(i.GPIO_ToggleBits), (8 bytes).
    Removing stm32f4xx_gpio.o(i.GPIO_Write), (4 bytes).
    Removing stm32f4xx_gpio.o(i.GPIO_WriteBit), (10 bytes).
    Removing stm32f4xx_usart.o(.rev16_text), (4 bytes).
    Removing stm32f4xx_usart.o(.revsh_text), (4 bytes).
    Removing stm32f4xx_usart.o(.rrx_text), (6 bytes).
    Removing stm32f4xx_usart.o(i.USART_ClearFlag), (6 bytes).
    Removing stm32f4xx_usart.o(i.USART_ClockInit), (28 bytes).
    Removing stm32f4xx_usart.o(i.USART_ClockStructInit), (12 bytes).
    Removing stm32f4xx_usart.o(i.USART_DMACmd), (16 bytes).
    Removing stm32f4xx_usart.o(i.USART_DeInit), (172 bytes).
    Removing stm32f4xx_usart.o(i.USART_GetFlagStatus), (14 bytes).
    Removing stm32f4xx_usart.o(i.USART_HalfDuplexCmd), (20 bytes).
    Removing stm32f4xx_usart.o(i.USART_IrDACmd), (20 bytes).
    Removing stm32f4xx_usart.o(i.USART_IrDAConfig), (16 bytes).
    Removing stm32f4xx_usart.o(i.USART_LINBreakDetectLengthConfig), (16 bytes).
    Removing stm32f4xx_usart.o(i.USART_LINCmd), (20 bytes).
    Removing stm32f4xx_usart.o(i.USART_OneBitMethodCmd), (20 bytes).
    Removing stm32f4xx_usart.o(i.USART_OverSampling8Cmd), (20 bytes).
    Removing stm32f4xx_usart.o(i.USART_ReceiverWakeUpCmd), (20 bytes).
    Removing stm32f4xx_usart.o(i.USART_SendBreak), (10 bytes).
    Removing stm32f4xx_usart.o(i.USART_SendData), (8 bytes).
    Removing stm32f4xx_usart.o(i.USART_SetAddress), (16 bytes).
    Removing stm32f4xx_usart.o(i.USART_SetGuardTime), (16 bytes).
    Removing stm32f4xx_usart.o(i.USART_SetPrescaler), (16 bytes).
    Removing stm32f4xx_usart.o(i.USART_SmartCardCmd), (20 bytes).
    Removing stm32f4xx_usart.o(i.USART_SmartCardNACKCmd), (20 bytes).
    Removing stm32f4xx_usart.o(i.USART_StructInit), (22 bytes).
    Removing stm32f4xx_usart.o(i.USART_WakeUpConfig), (16 bytes).
    Removing stm32f4xx_spi.o(.rev16_text), (4 bytes).
    Removing stm32f4xx_spi.o(.revsh_text), (4 bytes).
    Removing stm32f4xx_spi.o(.rrx_text), (6 bytes).
    Removing stm32f4xx_spi.o(i.I2S_Cmd), (20 bytes).
    Removing stm32f4xx_spi.o(i.I2S_FullDuplexConfig), (58 bytes).
    Removing stm32f4xx_spi.o(i.I2S_Init), (212 bytes).
    Removing stm32f4xx_spi.o(i.I2S_StructInit), (18 bytes).
    Removing stm32f4xx_spi.o(i.SPI_BiDirectionalLineConfig), (22 bytes).
    Removing stm32f4xx_spi.o(i.SPI_CalculateCRC), (20 bytes).
    Removing stm32f4xx_spi.o(i.SPI_DataSizeConfig), (16 bytes).
    Removing stm32f4xx_spi.o(i.SPI_GetCRC), (12 bytes).
    Removing stm32f4xx_spi.o(i.SPI_GetCRCPolynomial), (4 bytes).
    Removing stm32f4xx_spi.o(i.SPI_I2S_ClearFlag), (6 bytes).
    Removing stm32f4xx_spi.o(i.SPI_I2S_ClearITPendingBit), (14 bytes).
    Removing stm32f4xx_spi.o(i.SPI_I2S_DMACmd), (16 bytes).
    Removing stm32f4xx_spi.o(i.SPI_I2S_DeInit), (132 bytes).
    Removing stm32f4xx_spi.o(i.SPI_I2S_GetFlagStatus), (14 bytes).
    Removing stm32f4xx_spi.o(i.SPI_I2S_GetITStatus), (42 bytes).
    Removing stm32f4xx_spi.o(i.SPI_I2S_ITConfig), (24 bytes).
    Removing stm32f4xx_spi.o(i.SPI_I2S_ReceiveData), (4 bytes).
    Removing stm32f4xx_spi.o(i.SPI_I2S_SendData), (4 bytes).
    Removing stm32f4xx_spi.o(i.SPI_NSSInternalSoftwareConfig), (24 bytes).
    Removing stm32f4xx_spi.o(i.SPI_SSOutputCmd), (20 bytes).
    Removing stm32f4xx_spi.o(i.SPI_StructInit), (24 bytes).
    Removing stm32f4xx_spi.o(i.SPI_TIModeCmd), (20 bytes).
    Removing stm32f4xx_spi.o(i.SPI_TransmitCRC), (10 bytes).

185 unused section(s) (total 30254 bytes) removed from the image.

==============================================================================

Image Symbol Table

    Local Symbols

    Symbol Name                              Value     Ov Type        Size  Object(Section)

    ../clib/microlib/division.c              0x00000000   Number         0  uldiv.o ABSOLUTE
    ../clib/microlib/division.c              0x00000000   Number         0  uidiv.o ABSOLUTE
    ../clib/microlib/init/entry.s            0x00000000   Number         0  entry8b.o ABSOLUTE
    ../clib/microlib/init/entry.s            0x00000000   Number         0  entry11a.o ABSOLUTE
    ../clib/microlib/init/entry.s            0x00000000   Number         0  entry9a.o ABSOLUTE
    ../clib/microlib/init/entry.s            0x00000000   Number         0  entry9b.o ABSOLUTE
    ../clib/microlib/init/entry.s            0x00000000   Number         0  entry.o ABSOLUTE
    ../clib/microlib/init/entry.s            0x00000000   Number         0  entry10a.o ABSOLUTE
    ../clib/microlib/init/entry.s            0x00000000   Number         0  entry10b.o ABSOLUTE
    ../clib/microlib/init/entry.s            0x00000000   Number         0  entry11b.o ABSOLUTE
    ../clib/microlib/init/entry.s            0x00000000   Number         0  entry12a.o ABSOLUTE
    ../clib/microlib/init/entry.s            0x00000000   Number         0  entry12b.o ABSOLUTE
    ../clib/microlib/init/entry.s            0x00000000   Number         0  entry2.o ABSOLUTE
    ../clib/microlib/init/entry.s            0x00000000   Number         0  entry5.o ABSOLUTE
    ../clib/microlib/init/entry.s            0x00000000   Number         0  entry7a.o ABSOLUTE
    ../clib/microlib/init/entry.s            0x00000000   Number         0  entry7b.o ABSOLUTE
    ../clib/microlib/init/entry.s            0x00000000   Number         0  entry8a.o ABSOLUTE
    ../clib/microlib/longlong.c              0x00000000   Number         0  llsshr.o ABSOLUTE
    ../clib/microlib/longlong.c              0x00000000   Number         0  llushr.o ABSOLUTE
    ../clib/microlib/longlong.c              0x00000000   Number         0  llshl.o ABSOLUTE
    ../clib/microlib/printf/printf.c         0x00000000   Number         0  printf0.o ABSOLUTE
    ../clib/microlib/printf/printf.c         0x00000000   Number         0  printfb.o ABSOLUTE
    ../clib/microlib/printf/printf.c         0x00000000   Number         0  printf1.o ABSOLUTE
    ../clib/microlib/printf/printf.c         0x00000000   Number         0  printf2.o ABSOLUTE
    ../clib/microlib/printf/printf.c         0x00000000   Number         0  printf3.o ABSOLUTE
    ../clib/microlib/printf/printf.c         0x00000000   Number         0  printf4.o ABSOLUTE
    ../clib/microlib/printf/printf.c         0x00000000   Number         0  printf5.o ABSOLUTE
    ../clib/microlib/printf/printf.c         0x00000000   Number         0  printf6.o ABSOLUTE
    ../clib/microlib/printf/printf.c         0x00000000   Number         0  printf7.o ABSOLUTE
    ../clib/microlib/printf/printf.c         0x00000000   Number         0  printf8.o ABSOLUTE
    ../clib/microlib/printf/printf.c         0x00000000   Number         0  printfa.o ABSOLUTE
    ../clib/microlib/printf/stubs.s          0x00000000   Number         0  stubs.o ABSOLUTE
    ../clib/microlib/stdio/streams.c         0x00000000   Number         0  stdout.o ABSOLUTE
    ../clib/microlib/stubs.s                 0x00000000   Number         0  iusefp.o ABSOLUTE
    ../fplib/microlib/fpadd.c                0x00000000   Number         0  dadd.o ABSOLUTE
    ../fplib/microlib/fpdiv.c                0x00000000   Number         0  ddiv.o ABSOLUTE
    ../fplib/microlib/fpepilogue.c           0x00000000   Number         0  depilogue.o ABSOLUTE
    ../fplib/microlib/fpfix.c                0x00000000   Number         0  dfixul.o ABSOLUTE
    ../fplib/microlib/fpmul.c                0x00000000   Number         0  dmul.o ABSOLUTE
    ..\Drive\Source\delay.c                  0x00000000   Number         0  delay.o ABSOLUTE
    ..\Drive\Source\key.c                    0x00000000   Number         0  key.o ABSOLUTE
    ..\Drive\Source\lcd_fonts.c              0x00000000   Number         0  lcd_fonts.o ABSOLUTE
    ..\Drive\Source\lcd_image.c              0x00000000   Number         0  lcd_image.o ABSOLUTE
    ..\Drive\Source\lcd_spi_154.c            0x00000000   Number         0  lcd_spi_154.o ABSOLUTE
    ..\Drive\Source\led.c                    0x00000000   Number         0  led.o ABSOLUTE
    ..\Drive\Source\usart.c                  0x00000000   Number         0  usart.o ABSOLUTE
    ..\MY\main.c                             0x00000000   Number         0  main.o ABSOLUTE
    ..\MY\stm32f4xx_it.c                     0x00000000   Number         0  stm32f4xx_it.o ABSOLUTE
    ..\STM32\CMSIS\Device\ST\STM32F4xx\Source\Templates\arm\startup_stm32f40_41xxx.s 0x00000000   Number         0  startup_stm32f40_41xxx.o ABSOLUTE
    ..\STM32\CMSIS\Device\ST\STM32F4xx\Source\Templates\system_stm32f4xx.c 0x00000000   Number         0  system_stm32f4xx.o ABSOLUTE
    ..\STM32\STM32F4xx_StdPeriph_Driver\src\misc.c 0x00000000   Number         0  misc.o ABSOLUTE
    ..\STM32\STM32F4xx_StdPeriph_Driver\src\stm32f4xx_gpio.c 0x00000000   Number         0  stm32f4xx_gpio.o ABSOLUTE
    ..\STM32\STM32F4xx_StdPeriph_Driver\src\stm32f4xx_rcc.c 0x00000000   Number         0  stm32f4xx_rcc.o ABSOLUTE
    ..\STM32\STM32F4xx_StdPeriph_Driver\src\stm32f4xx_spi.c 0x00000000   Number         0  stm32f4xx_spi.o ABSOLUTE
    ..\STM32\STM32F4xx_StdPeriph_Driver\src\stm32f4xx_usart.c 0x00000000   Number         0  stm32f4xx_usart.o ABSOLUTE
    ..\\Drive\\Source\\delay.c               0x00000000   Number         0  delay.o ABSOLUTE
    ..\\Drive\\Source\\key.c                 0x00000000   Number         0  key.o ABSOLUTE
    ..\\Drive\\Source\\lcd_spi_154.c         0x00000000   Number         0  lcd_spi_154.o ABSOLUTE
    ..\\Drive\\Source\\led.c                 0x00000000   Number         0  led.o ABSOLUTE
    ..\\Drive\\Source\\usart.c               0x00000000   Number         0  usart.o ABSOLUTE
    ..\\MY\\main.c                           0x00000000   Number         0  main.o ABSOLUTE
    ..\\MY\\stm32f4xx_it.c                   0x00000000   Number         0  stm32f4xx_it.o ABSOLUTE
    ..\\STM32\\CMSIS\\Device\\ST\\STM32F4xx\\Source\\Templates\\system_stm32f4xx.c 0x00000000   Number         0  system_stm32f4xx.o ABSOLUTE
    ..\\STM32\\STM32F4xx_StdPeriph_Driver\\src\\misc.c 0x00000000   Number         0  misc.o ABSOLUTE
    ..\\STM32\\STM32F4xx_StdPeriph_Driver\\src\\stm32f4xx_gpio.c 0x00000000   Number         0  stm32f4xx_gpio.o ABSOLUTE
    ..\\STM32\\STM32F4xx_StdPeriph_Driver\\src\\stm32f4xx_rcc.c 0x00000000   Number         0  stm32f4xx_rcc.o ABSOLUTE
    ..\\STM32\\STM32F4xx_StdPeriph_Driver\\src\\stm32f4xx_spi.c 0x00000000   Number         0  stm32f4xx_spi.o ABSOLUTE
    ..\\STM32\\STM32F4xx_StdPeriph_Driver\\src\\stm32f4xx_usart.c 0x00000000   Number         0  stm32f4xx_usart.o ABSOLUTE
    cdrcmple.s                               0x00000000   Number         0  cdrcmple.o ABSOLUTE
    dc.s                                     0x00000000   Number         0  dc.o ABSOLUTE
    handlers.s                               0x00000000   Number         0  handlers.o ABSOLUTE
    init.s                                   0x00000000   Number         0  init.o ABSOLUTE
    RESET                                    0x08000000   Section      392  startup_stm32f40_41xxx.o(RESET)
    .ARM.Collect$$$$00000000                 0x08000188   Section        0  entry.o(.ARM.Collect$$$$00000000)
    .ARM.Collect$$$$00000001                 0x08000188   Section        4  entry2.o(.ARM.Collect$$$$00000001)
    .ARM.Collect$$$$00000004                 0x0800018c   Section        4  entry5.o(.ARM.Collect$$$$00000004)
    .ARM.Collect$$$$00000008                 0x08000190   Section        0  entry7b.o(.ARM.Collect$$$$00000008)
    .ARM.Collect$$$$0000000A                 0x08000190   Section        0  entry8b.o(.ARM.Collect$$$$0000000A)
    .ARM.Collect$$$$0000000B                 0x08000190   Section        8  entry9a.o(.ARM.Collect$$$$0000000B)
    .ARM.Collect$$$$0000000E                 0x08000198   Section        4  entry12b.o(.ARM.Collect$$$$0000000E)
    .ARM.Collect$$$$0000000F                 0x0800019c   Section        0  entry10a.o(.ARM.Collect$$$$0000000F)
    .ARM.Collect$$$$00000011                 0x0800019c   Section        0  entry11a.o(.ARM.Collect$$$$00000011)
    .ARM.Collect$$$$00002712                 0x0800019c   Section        4  entry2.o(.ARM.Collect$$$$00002712)
    __lit__00000000                          0x0800019c   Data           4  entry2.o(.ARM.Collect$$$$00002712)
    .text                                    0x080001a0   Section       36  startup_stm32f40_41xxx.o(.text)
    $v0                                      0x080001a0   Number         0  startup_stm32f40_41xxx.o(.text)
    .text                                    0x080001c4   Section        0  uidiv.o(.text)
    .text                                    0x080001f0   Section        0  uldiv.o(.text)
    .text                                    0x08000252   Section        0  iusefp.o(.text)
    .text                                    0x08000252   Section        0  dadd.o(.text)
    .text                                    0x080003a0   Section        0  dmul.o(.text)
    .text                                    0x08000484   Section        0  ddiv.o(.text)
    .text                                    0x08000562   Section        0  dfixul.o(.text)
    .text                                    0x08000594   Section       48  cdrcmple.o(.text)
    .text                                    0x080005c4   Section       36  init.o(.text)
    .text                                    0x080005e8   Section        0  llshl.o(.text)
    .text                                    0x08000606   Section        0  llushr.o(.text)
    .text                                    0x08000626   Section        0  llsshr.o(.text)
    .text                                    0x0800064a   Section        0  depilogue.o(.text)
    i.BusFault_Handler                       0x08000704   Section        0  stm32f4xx_it.o(i.BusFault_Handler)
    i.DebugMon_Handler                       0x08000706   Section        0  stm32f4xx_it.o(i.DebugMon_Handler)
    i.Delay_Init                             0x08000708   Section        0  delay.o(i.Delay_Init)
    i.Delay_ms                               0x0800073c   Section        0  delay.o(i.Delay_ms)
    i.GPIO_Init                              0x0800074c   Section        0  stm32f4xx_gpio.o(i.GPIO_Init)
    i.GPIO_PinAFConfig                       0x080007ee   Section        0  stm32f4xx_gpio.o(i.GPIO_PinAFConfig)
    i.GPIO_ReadInputDataBit                  0x0800080e   Section        0  stm32f4xx_gpio.o(i.GPIO_ReadInputDataBit)
    i.GPIO_ResetBits                         0x0800081c   Section        0  stm32f4xx_gpio.o(i.GPIO_ResetBits)
    i.GPIO_SetBits                           0x08000820   Section        0  stm32f4xx_gpio.o(i.GPIO_SetBits)
    i.HardFault_Handler                      0x08000824   Section        0  stm32f4xx_it.o(i.HardFault_Handler)
    i.K230_NextToken                         0x08000826   Section        0  main.o(i.K230_NextToken)
    K230_NextToken                           0x08000827   Thumb Code    74  main.o(i.K230_NextToken)
    i.K230_ParseMouseData                    0x08000870   Section        0  main.o(i.K230_ParseMouseData)
    K230_ParseMouseData                      0x08000871   Thumb Code   184  main.o(i.K230_ParseMouseData)
    i.K230_ParseNumber                       0x08000928   Section        0  main.o(i.K230_ParseNumber)
    K230_ParseNumber                         0x08000929   Thumb Code    36  main.o(i.K230_ParseNumber)
    i.K230_ParseStatus                       0x0800094c   Section        0  main.o(i.K230_ParseStatus)
    K230_ParseStatus                         0x0800094d   Thumb Code    82  main.o(i.K230_ParseStatus)
    i.K230_ReadLine                          0x080009a0   Section        0  usart.o(i.K230_ReadLine)
    i.K230_UartRxHandler                     0x080009e0   Section        0  usart.o(i.K230_UartRxHandler)
    i.KEY_Init                               0x08000a58   Section        0  key.o(i.KEY_Init)
    i.KEY_Scan                               0x08000a84   Section        0  key.o(i.KEY_Scan)
    i.LCD_Clear                              0x08000ac0   Section        0  lcd_spi_154.o(i.LCD_Clear)
    i.LCD_Delay                              0x08000b54   Section        0  lcd_spi_154.o(i.LCD_Delay)
    i.LCD_DisplayChar                        0x08000b80   Section        0  lcd_spi_154.o(i.LCD_DisplayChar)
    i.LCD_DisplayNumber                      0x08000c40   Section        0  lcd_spi_154.o(i.LCD_DisplayNumber)
    i.LCD_DisplayString                      0x08000c7c   Section        0  lcd_spi_154.o(i.LCD_DisplayString)
    i.LCD_DrawLine_H                         0x08000cb8   Section        0  lcd_spi_154.o(i.LCD_DrawLine_H)
    i.LCD_GPIO_Config                        0x08000cf8   Section        0  lcd_spi_154.o(i.LCD_GPIO_Config)
    i.LCD_SPI_Config                         0x08000da4   Section        0  lcd_spi_154.o(i.LCD_SPI_Config)
    i.LCD_SetAddress                         0x08000e00   Section        0  lcd_spi_154.o(i.LCD_SetAddress)
    i.LCD_SetAsciiFont                       0x08000e74   Section        0  lcd_spi_154.o(i.LCD_SetAsciiFont)
    i.LCD_SetBackColor                       0x08000e80   Section        0  lcd_spi_154.o(i.LCD_SetBackColor)
    i.LCD_SetColor                           0x08000ea4   Section        0  lcd_spi_154.o(i.LCD_SetColor)
    i.LCD_SetDirection                       0x08000ec8   Section        0  lcd_spi_154.o(i.LCD_SetDirection)
    i.LCD_ShowNumMode                        0x08000f50   Section        0  lcd_spi_154.o(i.LCD_ShowNumMode)
    i.LCD_WriteBuff                          0x08000f5c   Section        0  lcd_spi_154.o(i.LCD_WriteBuff)
    i.LCD_WriteCommand                       0x08000fc8   Section        0  lcd_spi_154.o(i.LCD_WriteCommand)
    i.LCD_WriteData_16bit                    0x0800100c   Section        0  lcd_spi_154.o(i.LCD_WriteData_16bit)
    i.LCD_WriteData_8bit                     0x08001028   Section        0  lcd_spi_154.o(i.LCD_WriteData_8bit)
    i.LED_Init                               0x0800103c   Section        0  led.o(i.LED_Init)
    i.MemManage_Handler                      0x08001078   Section        0  stm32f4xx_it.o(i.MemManage_Handler)
    i.MouseDisplay_DrawHeader                0x0800107c   Section        0  main.o(i.MouseDisplay_DrawHeader)
    MouseDisplay_DrawHeader                  0x0800107d   Thumb Code    94  main.o(i.MouseDisplay_DrawHeader)
    i.MouseDisplay_DrawLine                  0x080010f4   Section        0  main.o(i.MouseDisplay_DrawLine)
    MouseDisplay_DrawLine                    0x080010f5   Thumb Code    60  main.o(i.MouseDisplay_DrawLine)
    i.MouseDisplay_DrawMouse                 0x08001138   Section        0  main.o(i.MouseDisplay_DrawMouse)
    MouseDisplay_DrawMouse                   0x08001139   Thumb Code    82  main.o(i.MouseDisplay_DrawMouse)
    i.MouseDisplay_DrawStatus                0x080011b8   Section        0  main.o(i.MouseDisplay_DrawStatus)
    MouseDisplay_DrawStatus                  0x080011b9   Thumb Code   104  main.o(i.MouseDisplay_DrawStatus)
    i.MouseDisplay_DrawSummary               0x08001248   Section        0  main.o(i.MouseDisplay_DrawSummary)
    MouseDisplay_DrawSummary                 0x08001249   Thumb Code    88  main.o(i.MouseDisplay_DrawSummary)
    i.NMI_Handler                            0x080012ec   Section        0  stm32f4xx_it.o(i.NMI_Handler)
    i.PendSV_Handler                         0x080012ee   Section        0  stm32f4xx_it.o(i.PendSV_Handler)
    i.RCC_AHB1PeriphClockCmd                 0x080012f0   Section        0  stm32f4xx_rcc.o(i.RCC_AHB1PeriphClockCmd)
    i.RCC_APB1PeriphClockCmd                 0x08001308   Section        0  stm32f4xx_rcc.o(i.RCC_APB1PeriphClockCmd)
    i.RCC_APB2PeriphClockCmd                 0x08001320   Section        0  stm32f4xx_rcc.o(i.RCC_APB2PeriphClockCmd)
    i.RCC_GetClocksFreq                      0x08001338   Section        0  stm32f4xx_rcc.o(i.RCC_GetClocksFreq)
    i.SPI_Cmd                                0x080013c8   Section        0  stm32f4xx_spi.o(i.SPI_Cmd)
    i.SPI_Init                               0x080013dc   Section        0  stm32f4xx_spi.o(i.SPI_Init)
    i.SPI_LCD_Init                           0x08001414   Section        0  lcd_spi_154.o(i.SPI_LCD_Init)
    i.SVC_Handler                            0x080015f0   Section        0  stm32f4xx_it.o(i.SVC_Handler)
    i.SetSysClock                            0x080015f4   Section        0  system_stm32f4xx.o(i.SetSysClock)
    SetSysClock                              0x080015f5   Thumb Code   162  system_stm32f4xx.o(i.SetSysClock)
    i.SysTick_Handler                        0x080016a8   Section        0  stm32f4xx_it.o(i.SysTick_Handler)
    i.SystemInit                             0x080016ac   Section        0  system_stm32f4xx.o(i.SystemInit)
    i.TimingDelay_Decrement                  0x08001708   Section        0  delay.o(i.TimingDelay_Decrement)
    i.USART1_IRQHandler                      0x0800171c   Section        0  stm32f4xx_it.o(i.USART1_IRQHandler)
    i.USART_ClearITPendingBit                0x08001720   Section        0  stm32f4xx_usart.o(i.USART_ClearITPendingBit)
    i.USART_Cmd                              0x0800172c   Section        0  stm32f4xx_usart.o(i.USART_Cmd)
    i.USART_GPIO_Config                      0x08001740   Section        0  usart.o(i.USART_GPIO_Config)
    i.USART_GetITStatus                      0x08001794   Section        0  stm32f4xx_usart.o(i.USART_GetITStatus)
    i.USART_ITConfig                         0x080017d2   Section        0  stm32f4xx_usart.o(i.USART_ITConfig)
    i.USART_Init                             0x08001804   Section        0  stm32f4xx_usart.o(i.USART_Init)
    i.USART_ReceiveData                      0x080018b0   Section        0  stm32f4xx_usart.o(i.USART_ReceiveData)
    i.UsageFault_Handler                     0x080018b8   Section        0  stm32f4xx_it.o(i.UsageFault_Handler)
    i.Usart_Config                           0x080018bc   Section        0  usart.o(i.Usart_Config)
    i.__0sprintf                             0x08001918   Section        0  printfa.o(i.__0sprintf)
    i.__scatterload_copy                     0x08001940   Section       14  handlers.o(i.__scatterload_copy)
    i.__scatterload_null                     0x0800194e   Section        2  handlers.o(i.__scatterload_null)
    i.__scatterload_zeroinit                 0x08001950   Section       14  handlers.o(i.__scatterload_zeroinit)
    i._fp_digits                             0x08001960   Section        0  printfa.o(i._fp_digits)
    _fp_digits                               0x08001961   Thumb Code   366  printfa.o(i._fp_digits)
    i._printf_core                           0x08001ae4   Section        0  printfa.o(i._printf_core)
    _printf_core                             0x08001ae5   Thumb Code  1704  printfa.o(i._printf_core)
    i._printf_post_padding                   0x08002198   Section        0  printfa.o(i._printf_post_padding)
    _printf_post_padding                     0x08002199   Thumb Code    36  printfa.o(i._printf_post_padding)
    i._printf_pre_padding                    0x080021bc   Section        0  printfa.o(i._printf_pre_padding)
    _printf_pre_padding                      0x080021bd   Thumb Code    46  printfa.o(i._printf_pre_padding)
    i._sputc                                 0x080021ea   Section        0  printfa.o(i._sputc)
    _sputc                                   0x080021eb   Thumb Code    10  printfa.o(i._sputc)
    i.main                                   0x080021f4   Section        0  main.o(i.main)
    .constdata                               0x08002290   Section     4560  lcd_fonts.o(.constdata)
    .constdata                               0x08003460   Section     1520  lcd_fonts.o(.constdata)
    .data                                    0x20000000   Section        9  main.o(.data)
    g_current_page                           0x20000000   Data           1  main.o(.data)
    g_lcd_need_refresh                       0x20000001   Data           1  main.o(.data)
    g_mouse_data                             0x20000002   Data           7  main.o(.data)
    .data                                    0x2000000c   Section        4  delay.o(.data)
    TimingDelay                              0x2000000c   Data           4  delay.o(.data)
    .data                                    0x20000010   Section        4  usart.o(.data)
    k230_line_ready                          0x20000010   Data           1  usart.o(.data)
    k230_line_index                          0x20000012   Data           2  usart.o(.data)
    .data                                    0x20000014   Section       12  lcd_fonts.o(.data)
    .data                                    0x20000020   Section       12  lcd_fonts.o(.data)
    .data                                    0x2000002c   Section        8  lcd_spi_154.o(.data)
    LCD_AsciiFonts                           0x2000002c   Data           4  lcd_spi_154.o(.data)
    LCD_CHFonts                              0x20000030   Data           4  lcd_spi_154.o(.data)
    .data                                    0x20000034   Section       20  system_stm32f4xx.o(.data)
    .data                                    0x20000048   Section       16  stm32f4xx_rcc.o(.data)
    APBAHBPrescTable                         0x20000048   Data          16  stm32f4xx_rcc.o(.data)
    .bss                                     0x20000058   Section      160  usart.o(.bss)
    k230_line_buffer                         0x20000058   Data          80  usart.o(.bss)
    k230_ready_line                          0x200000a8   Data          80  usart.o(.bss)
    .bss                                     0x200000f8   Section     2064  lcd_spi_154.o(.bss)
    STACK                                    0x20000908   Section     1024  startup_stm32f40_41xxx.o(STACK)

    Global Symbols

    Symbol Name                              Value     Ov Type        Size  Object(Section)

    BuildAttributes$$THM_ISAv4$E$P$D$K$B$S$7EM$VFPi3$EXTD16$VFPS$VFMA$PE$A:L22UL41UL21$X:L11$S22US41US21$IEEE1$IW$USESV6$~STKCKD$USESV7$~SHL$OSPACE$ROPI$EBA8$MICROLIB$REQ8$PRES8$EABIv2 0x00000000   Number         0  anon$$obj.o ABSOLUTE
    __ARM_use_no_argv                        0x00000000   Number         0  main.o ABSOLUTE
    _printf_a                                0x00000000   Number         0  stubs.o ABSOLUTE
    _printf_c                                0x00000000   Number         0  stubs.o ABSOLUTE
    _printf_charcount                        0x00000000   Number         0  stubs.o ABSOLUTE
    _printf_d                                0x00000000   Number         0  stubs.o ABSOLUTE
    _printf_e                                0x00000000   Number         0  stubs.o ABSOLUTE
    _printf_f                                0x00000000   Number         0  stubs.o ABSOLUTE
    _printf_flags                            0x00000000   Number         0  stubs.o ABSOLUTE
    _printf_fp_dec                           0x00000000   Number         0  stubs.o ABSOLUTE
    _printf_fp_hex                           0x00000000   Number         0  stubs.o ABSOLUTE
    _printf_g                                0x00000000   Number         0  stubs.o ABSOLUTE
    _printf_i                                0x00000000   Number         0  stubs.o ABSOLUTE
    _printf_int_dec                          0x00000000   Number         0  stubs.o ABSOLUTE
    _printf_l                                0x00000000   Number         0  stubs.o ABSOLUTE
    _printf_lc                               0x00000000   Number         0  stubs.o ABSOLUTE
    _printf_ll                               0x00000000   Number         0  stubs.o ABSOLUTE
    _printf_lld                              0x00000000   Number         0  stubs.o ABSOLUTE
    _printf_lli                              0x00000000   Number         0  stubs.o ABSOLUTE
    _printf_llo                              0x00000000   Number         0  stubs.o ABSOLUTE
    _printf_llu                              0x00000000   Number         0  stubs.o ABSOLUTE
    _printf_llx                              0x00000000   Number         0  stubs.o ABSOLUTE
    _printf_longlong_dec                     0x00000000   Number         0  stubs.o ABSOLUTE
    _printf_longlong_hex                     0x00000000   Number         0  stubs.o ABSOLUTE
    _printf_longlong_oct                     0x00000000   Number         0  stubs.o ABSOLUTE
    _printf_ls                               0x00000000   Number         0  stubs.o ABSOLUTE
    _printf_mbtowc                           0x00000000   Number         0  stubs.o ABSOLUTE
    _printf_n                                0x00000000   Number         0  stubs.o ABSOLUTE
    _printf_o                                0x00000000   Number         0  stubs.o ABSOLUTE
    _printf_p                                0x00000000   Number         0  stubs.o ABSOLUTE
    _printf_percent                          0x00000000   Number         0  stubs.o ABSOLUTE
    _printf_pre_padding                      0x00000000   Number         0  stubs.o ABSOLUTE
    _printf_return_value                     0x00000000   Number         0  stubs.o ABSOLUTE
    _printf_s                                0x00000000   Number         0  stubs.o ABSOLUTE
    _printf_sizespec                         0x00000000   Number         0  stubs.o ABSOLUTE
    _printf_str                              0x00000000   Number         0  stubs.o ABSOLUTE
    _printf_truncate_signed                  0x00000000   Number         0  stubs.o ABSOLUTE
    _printf_truncate_unsigned                0x00000000   Number         0  stubs.o ABSOLUTE
    _printf_u                                0x00000000   Number         0  stubs.o ABSOLUTE
    _printf_wc                               0x00000000   Number         0  stubs.o ABSOLUTE
    _printf_wctomb                           0x00000000   Number         0  stubs.o ABSOLUTE
    _printf_widthprec                        0x00000000   Number         0  stubs.o ABSOLUTE
    _printf_x                                0x00000000   Number         0  stubs.o ABSOLUTE
    __arm_fini_                               - Undefined Weak Reference
    __cpp_initialize__aeabi_                  - Undefined Weak Reference
    __cxa_finalize                            - Undefined Weak Reference
    __decompress                              - Undefined Weak Reference
    _clock_init                               - Undefined Weak Reference
    _microlib_exit                            - Undefined Weak Reference
    __Vectors_Size                           0x00000188   Number         0  startup_stm32f40_41xxx.o ABSOLUTE
    __Vectors                                0x08000000   Data           4  startup_stm32f40_41xxx.o(RESET)
    __Vectors_End                            0x08000188   Data           0  startup_stm32f40_41xxx.o(RESET)
    __main                                   0x08000189   Thumb Code     0  entry.o(.ARM.Collect$$$$00000000)
    _main_stk                                0x08000189   Thumb Code     0  entry2.o(.ARM.Collect$$$$00000001)
    _main_scatterload                        0x0800018d   Thumb Code     0  entry5.o(.ARM.Collect$$$$00000004)
    __main_after_scatterload                 0x08000191   Thumb Code     0  entry5.o(.ARM.Collect$$$$00000004)
    _main_clock                              0x08000191   Thumb Code     0  entry7b.o(.ARM.Collect$$$$00000008)
    _main_cpp_init                           0x08000191   Thumb Code     0  entry8b.o(.ARM.Collect$$$$0000000A)
    _main_init                               0x08000191   Thumb Code     0  entry9a.o(.ARM.Collect$$$$0000000B)
    __rt_lib_shutdown_fini                   0x08000199   Thumb Code     0  entry12b.o(.ARM.Collect$$$$0000000E)
    __rt_final_cpp                           0x0800019d   Thumb Code     0  entry10a.o(.ARM.Collect$$$$0000000F)
    __rt_final_exit                          0x0800019d   Thumb Code     0  entry11a.o(.ARM.Collect$$$$00000011)
    Reset_Handler                            0x080001a1   Thumb Code     8  startup_stm32f40_41xxx.o(.text)
    ADC_IRQHandler                           0x080001bb   Thumb Code     0  startup_stm32f40_41xxx.o(.text)
    CAN1_RX0_IRQHandler                      0x080001bb   Thumb Code     0  startup_stm32f40_41xxx.o(.text)
    CAN1_RX1_IRQHandler                      0x080001bb   Thumb Code     0  startup_stm32f40_41xxx.o(.text)
    CAN1_SCE_IRQHandler                      0x080001bb   Thumb Code     0  startup_stm32f40_41xxx.o(.text)
    CAN1_TX_IRQHandler                       0x080001bb   Thumb Code     0  startup_stm32f40_41xxx.o(.text)
    CAN2_RX0_IRQHandler                      0x080001bb   Thumb Code     0  startup_stm32f40_41xxx.o(.text)
    CAN2_RX1_IRQHandler                      0x080001bb   Thumb Code     0  startup_stm32f40_41xxx.o(.text)
    CAN2_SCE_IRQHandler                      0x080001bb   Thumb Code     0  startup_stm32f40_41xxx.o(.text)
    CAN2_TX_IRQHandler                       0x080001bb   Thumb Code     0  startup_stm32f40_41xxx.o(.text)
    CRYP_IRQHandler                          0x080001bb   Thumb Code     0  startup_stm32f40_41xxx.o(.text)
    DCMI_IRQHandler                          0x080001bb   Thumb Code     0  startup_stm32f40_41xxx.o(.text)
    DMA1_Stream0_IRQHandler                  0x080001bb   Thumb Code     0  startup_stm32f40_41xxx.o(.text)
    DMA1_Stream1_IRQHandler                  0x080001bb   Thumb Code     0  startup_stm32f40_41xxx.o(.text)
    DMA1_Stream2_IRQHandler                  0x080001bb   Thumb Code     0  startup_stm32f40_41xxx.o(.text)
    DMA1_Stream3_IRQHandler                  0x080001bb   Thumb Code     0  startup_stm32f40_41xxx.o(.text)
    DMA1_Stream4_IRQHandler                  0x080001bb   Thumb Code     0  startup_stm32f40_41xxx.o(.text)
    DMA1_Stream5_IRQHandler                  0x080001bb   Thumb Code     0  startup_stm32f40_41xxx.o(.text)
    DMA1_Stream6_IRQHandler                  0x080001bb   Thumb Code     0  startup_stm32f40_41xxx.o(.text)
    DMA1_Stream7_IRQHandler                  0x080001bb   Thumb Code     0  startup_stm32f40_41xxx.o(.text)
    DMA2_Stream0_IRQHandler                  0x080001bb   Thumb Code     0  startup_stm32f40_41xxx.o(.text)
    DMA2_Stream1_IRQHandler                  0x080001bb   Thumb Code     0  startup_stm32f40_41xxx.o(.text)
    DMA2_Stream2_IRQHandler                  0x080001bb   Thumb Code     0  startup_stm32f40_41xxx.o(.text)
    DMA2_Stream3_IRQHandler                  0x080001bb   Thumb Code     0  startup_stm32f40_41xxx.o(.text)
    DMA2_Stream4_IRQHandler                  0x080001bb   Thumb Code     0  startup_stm32f40_41xxx.o(.text)
    DMA2_Stream5_IRQHandler                  0x080001bb   Thumb Code     0  startup_stm32f40_41xxx.o(.text)
    DMA2_Stream6_IRQHandler                  0x080001bb   Thumb Code     0  startup_stm32f40_41xxx.o(.text)
    DMA2_Stream7_IRQHandler                  0x080001bb   Thumb Code     0  startup_stm32f40_41xxx.o(.text)
    ETH_IRQHandler                           0x080001bb   Thumb Code     0  startup_stm32f40_41xxx.o(.text)
    ETH_WKUP_IRQHandler                      0x080001bb   Thumb Code     0  startup_stm32f40_41xxx.o(.text)
    EXTI0_IRQHandler                         0x080001bb   Thumb Code     0  startup_stm32f40_41xxx.o(.text)
    EXTI15_10_IRQHandler                     0x080001bb   Thumb Code     0  startup_stm32f40_41xxx.o(.text)
    EXTI1_IRQHandler                         0x080001bb   Thumb Code     0  startup_stm32f40_41xxx.o(.text)
    EXTI2_IRQHandler                         0x080001bb   Thumb Code     0  startup_stm32f40_41xxx.o(.text)
    EXTI3_IRQHandler                         0x080001bb   Thumb Code     0  startup_stm32f40_41xxx.o(.text)
    EXTI4_IRQHandler                         0x080001bb   Thumb Code     0  startup_stm32f40_41xxx.o(.text)
    EXTI9_5_IRQHandler                       0x080001bb   Thumb Code     0  startup_stm32f40_41xxx.o(.text)
    FLASH_IRQHandler                         0x080001bb   Thumb Code     0  startup_stm32f40_41xxx.o(.text)
    FPU_IRQHandler                           0x080001bb   Thumb Code     0  startup_stm32f40_41xxx.o(.text)
    FSMC_IRQHandler                          0x080001bb   Thumb Code     0  startup_stm32f40_41xxx.o(.text)
    HASH_RNG_IRQHandler                      0x080001bb   Thumb Code     0  startup_stm32f40_41xxx.o(.text)
    I2C1_ER_IRQHandler                       0x080001bb   Thumb Code     0  startup_stm32f40_41xxx.o(.text)
    I2C1_EV_IRQHandler                       0x080001bb   Thumb Code     0  startup_stm32f40_41xxx.o(.text)
    I2C2_ER_IRQHandler                       0x080001bb   Thumb Code     0  startup_stm32f40_41xxx.o(.text)
    I2C2_EV_IRQHandler                       0x080001bb   Thumb Code     0  startup_stm32f40_41xxx.o(.text)
    I2C3_ER_IRQHandler                       0x080001bb   Thumb Code     0  startup_stm32f40_41xxx.o(.text)
    I2C3_EV_IRQHandler                       0x080001bb   Thumb Code     0  startup_stm32f40_41xxx.o(.text)
    OTG_FS_IRQHandler                        0x080001bb   Thumb Code     0  startup_stm32f40_41xxx.o(.text)
    OTG_FS_WKUP_IRQHandler                   0x080001bb   Thumb Code     0  startup_stm32f40_41xxx.o(.text)
    OTG_HS_EP1_IN_IRQHandler                 0x080001bb   Thumb Code     0  startup_stm32f40_41xxx.o(.text)
    OTG_HS_EP1_OUT_IRQHandler                0x080001bb   Thumb Code     0  startup_stm32f40_41xxx.o(.text)
    OTG_HS_IRQHandler                        0x080001bb   Thumb Code     0  startup_stm32f40_41xxx.o(.text)
    OTG_HS_WKUP_IRQHandler                   0x080001bb   Thumb Code     0  startup_stm32f40_41xxx.o(.text)
    PVD_IRQHandler                           0x080001bb   Thumb Code     0  startup_stm32f40_41xxx.o(.text)
    RCC_IRQHandler                           0x080001bb   Thumb Code     0  startup_stm32f40_41xxx.o(.text)
    RTC_Alarm_IRQHandler                     0x080001bb   Thumb Code     0  startup_stm32f40_41xxx.o(.text)
    RTC_WKUP_IRQHandler                      0x080001bb   Thumb Code     0  startup_stm32f40_41xxx.o(.text)
    SDIO_IRQHandler                          0x080001bb   Thumb Code     0  startup_stm32f40_41xxx.o(.text)
    SPI1_IRQHandler                          0x080001bb   Thumb Code     0  startup_stm32f40_41xxx.o(.text)
    SPI2_IRQHandler                          0x080001bb   Thumb Code     0  startup_stm32f40_41xxx.o(.text)
    SPI3_IRQHandler                          0x080001bb   Thumb Code     0  startup_stm32f40_41xxx.o(.text)
    TAMP_STAMP_IRQHandler                    0x080001bb   Thumb Code     0  startup_stm32f40_41xxx.o(.text)
    TIM1_BRK_TIM9_IRQHandler                 0x080001bb   Thumb Code     0  startup_stm32f40_41xxx.o(.text)
    TIM1_CC_IRQHandler                       0x080001bb   Thumb Code     0  startup_stm32f40_41xxx.o(.text)
    TIM1_TRG_COM_TIM11_IRQHandler            0x080001bb   Thumb Code     0  startup_stm32f40_41xxx.o(.text)
    TIM1_UP_TIM10_IRQHandler                 0x080001bb   Thumb Code     0  startup_stm32f40_41xxx.o(.text)
    TIM2_IRQHandler                          0x080001bb   Thumb Code     0  startup_stm32f40_41xxx.o(.text)
    TIM3_IRQHandler                          0x080001bb   Thumb Code     0  startup_stm32f40_41xxx.o(.text)
    TIM4_IRQHandler                          0x080001bb   Thumb Code     0  startup_stm32f40_41xxx.o(.text)
    TIM5_IRQHandler                          0x080001bb   Thumb Code     0  startup_stm32f40_41xxx.o(.text)
    TIM6_DAC_IRQHandler                      0x080001bb   Thumb Code     0  startup_stm32f40_41xxx.o(.text)
    TIM7_IRQHandler                          0x080001bb   Thumb Code     0  startup_stm32f40_41xxx.o(.text)
    TIM8_BRK_TIM12_IRQHandler                0x080001bb   Thumb Code     0  startup_stm32f40_41xxx.o(.text)
    TIM8_CC_IRQHandler                       0x080001bb   Thumb Code     0  startup_stm32f40_41xxx.o(.text)
    TIM8_TRG_COM_TIM14_IRQHandler            0x080001bb   Thumb Code     0  startup_stm32f40_41xxx.o(.text)
    TIM8_UP_TIM13_IRQHandler                 0x080001bb   Thumb Code     0  startup_stm32f40_41xxx.o(.text)
    UART4_IRQHandler                         0x080001bb   Thumb Code     0  startup_stm32f40_41xxx.o(.text)
    UART5_IRQHandler                         0x080001bb   Thumb Code     0  startup_stm32f40_41xxx.o(.text)
    USART2_IRQHandler                        0x080001bb   Thumb Code     0  startup_stm32f40_41xxx.o(.text)
    USART3_IRQHandler                        0x080001bb   Thumb Code     0  startup_stm32f40_41xxx.o(.text)
    USART6_IRQHandler                        0x080001bb   Thumb Code     0  startup_stm32f40_41xxx.o(.text)
    WWDG_IRQHandler                          0x080001bb   Thumb Code     0  startup_stm32f40_41xxx.o(.text)
    __aeabi_uidiv                            0x080001c5   Thumb Code     0  uidiv.o(.text)
    __aeabi_uidivmod                         0x080001c5   Thumb Code    44  uidiv.o(.text)
    __aeabi_uldivmod                         0x080001f1   Thumb Code    98  uldiv.o(.text)
    __I$use$fp                               0x08000253   Thumb Code     0  iusefp.o(.text)
    __aeabi_dadd                             0x08000253   Thumb Code   322  dadd.o(.text)
    __aeabi_dsub                             0x08000395   Thumb Code     6  dadd.o(.text)
    __aeabi_drsub                            0x0800039b   Thumb Code     6  dadd.o(.text)
    __aeabi_dmul                             0x080003a1   Thumb Code   228  dmul.o(.text)
    __aeabi_ddiv                             0x08000485   Thumb Code   222  ddiv.o(.text)
    __aeabi_d2ulz                            0x08000563   Thumb Code    48  dfixul.o(.text)
    __aeabi_cdrcmple                         0x08000595   Thumb Code    48  cdrcmple.o(.text)
    __scatterload                            0x080005c5   Thumb Code    28  init.o(.text)
    __scatterload_rt2                        0x080005c5   Thumb Code     0  init.o(.text)
    __aeabi_llsl                             0x080005e9   Thumb Code    30  llshl.o(.text)
    _ll_shift_l                              0x080005e9   Thumb Code     0  llshl.o(.text)
    __aeabi_llsr                             0x08000607   Thumb Code    32  llushr.o(.text)
    _ll_ushift_r                             0x08000607   Thumb Code     0  llushr.o(.text)
    __aeabi_lasr                             0x08000627   Thumb Code    36  llsshr.o(.text)
    _ll_sshift_r                             0x08000627   Thumb Code     0  llsshr.o(.text)
    _double_round                            0x0800064b   Thumb Code    30  depilogue.o(.text)
    _double_epilogue                         0x08000669   Thumb Code   156  depilogue.o(.text)
    BusFault_Handler                         0x08000705   Thumb Code     2  stm32f4xx_it.o(i.BusFault_Handler)
    DebugMon_Handler                         0x08000707   Thumb Code     2  stm32f4xx_it.o(i.DebugMon_Handler)
    Delay_Init                               0x08000709   Thumb Code    44  delay.o(i.Delay_Init)
    Delay_ms                                 0x0800073d   Thumb Code    12  delay.o(i.Delay_ms)
    GPIO_Init                                0x0800074d   Thumb Code   162  stm32f4xx_gpio.o(i.GPIO_Init)
    GPIO_PinAFConfig                         0x080007ef   Thumb Code    32  stm32f4xx_gpio.o(i.GPIO_PinAFConfig)
    GPIO_ReadInputDataBit                    0x0800080f   Thumb Code    14  stm32f4xx_gpio.o(i.GPIO_ReadInputDataBit)
    GPIO_ResetBits                           0x0800081d   Thumb Code     4  stm32f4xx_gpio.o(i.GPIO_ResetBits)
    GPIO_SetBits                             0x08000821   Thumb Code     4  stm32f4xx_gpio.o(i.GPIO_SetBits)
    HardFault_Handler                        0x08000825   Thumb Code     2  stm32f4xx_it.o(i.HardFault_Handler)
    K230_ReadLine                            0x080009a1   Thumb Code    54  usart.o(i.K230_ReadLine)
    K230_UartRxHandler                       0x080009e1   Thumb Code   106  usart.o(i.K230_UartRxHandler)
    KEY_Init                                 0x08000a59   Thumb Code    40  key.o(i.KEY_Init)
    KEY_Scan                                 0x08000a85   Thumb Code    54  key.o(i.KEY_Scan)
    LCD_Clear                                0x08000ac1   Thumb Code   136  lcd_spi_154.o(i.LCD_Clear)
    LCD_Delay                                0x08000b55   Thumb Code    44  lcd_spi_154.o(i.LCD_Delay)
    LCD_DisplayChar                          0x08000b81   Thumb Code   174  lcd_spi_154.o(i.LCD_DisplayChar)
    LCD_DisplayNumber                        0x08000c41   Thumb Code    42  lcd_spi_154.o(i.LCD_DisplayNumber)
    LCD_DisplayString                        0x08000c7d   Thumb Code    50  lcd_spi_154.o(i.LCD_DisplayString)
    LCD_DrawLine_H                           0x08000cb9   Thumb Code    56  lcd_spi_154.o(i.LCD_DrawLine_H)
    LCD_GPIO_Config                          0x08000cf9   Thumb Code   162  lcd_spi_154.o(i.LCD_GPIO_Config)
    LCD_SPI_Config                           0x08000da5   Thumb Code    86  lcd_spi_154.o(i.LCD_SPI_Config)
    LCD_SetAddress                           0x08000e01   Thumb Code   102  lcd_spi_154.o(i.LCD_SetAddress)
    LCD_SetAsciiFont                         0x08000e75   Thumb Code     6  lcd_spi_154.o(i.LCD_SetAsciiFont)
    LCD_SetBackColor                         0x08000e81   Thumb Code    30  lcd_spi_154.o(i.LCD_SetBackColor)
    LCD_SetColor                             0x08000ea5   Thumb Code    30  lcd_spi_154.o(i.LCD_SetColor)
    LCD_SetDirection                         0x08000ec9   Thumb Code   124  lcd_spi_154.o(i.LCD_SetDirection)
    LCD_ShowNumMode                          0x08000f51   Thumb Code     6  lcd_spi_154.o(i.LCD_ShowNumMode)
    LCD_WriteBuff                            0x08000f5d   Thumb Code   100  lcd_spi_154.o(i.LCD_WriteBuff)
    LCD_WriteCommand                         0x08000fc9   Thumb Code    58  lcd_spi_154.o(i.LCD_WriteCommand)
    LCD_WriteData_16bit                      0x0800100d   Thumb Code    24  lcd_spi_154.o(i.LCD_WriteData_16bit)
    LCD_WriteData_8bit                       0x08001029   Thumb Code    14  lcd_spi_154.o(i.LCD_WriteData_8bit)
    LED_Init                                 0x0800103d   Thumb Code    54  led.o(i.LED_Init)
    MemManage_Handler                        0x08001079   Thumb Code     2  stm32f4xx_it.o(i.MemManage_Handler)
    NMI_Handler                              0x080012ed   Thumb Code     2  stm32f4xx_it.o(i.NMI_Handler)
    PendSV_Handler                           0x080012ef   Thumb Code     2  stm32f4xx_it.o(i.PendSV_Handler)
    RCC_AHB1PeriphClockCmd                   0x080012f1   Thumb Code    18  stm32f4xx_rcc.o(i.RCC_AHB1PeriphClockCmd)
    RCC_APB1PeriphClockCmd                   0x08001309   Thumb Code    18  stm32f4xx_rcc.o(i.RCC_APB1PeriphClockCmd)
    RCC_APB2PeriphClockCmd                   0x08001321   Thumb Code    18  stm32f4xx_rcc.o(i.RCC_APB2PeriphClockCmd)
    RCC_GetClocksFreq                        0x08001339   Thumb Code   132  stm32f4xx_rcc.o(i.RCC_GetClocksFreq)
    SPI_Cmd                                  0x080013c9   Thumb Code    20  stm32f4xx_spi.o(i.SPI_Cmd)
    SPI_Init                                 0x080013dd   Thumb Code    56  stm32f4xx_spi.o(i.SPI_Init)
    SPI_LCD_Init                             0x08001415   Thumb Code   456  lcd_spi_154.o(i.SPI_LCD_Init)
    SVC_Handler                              0x080015f1   Thumb Code     2  stm32f4xx_it.o(i.SVC_Handler)
    SysTick_Handler                          0x080016a9   Thumb Code     4  stm32f4xx_it.o(i.SysTick_Handler)
    SystemInit                               0x080016ad   Thumb Code    74  system_stm32f4xx.o(i.SystemInit)
    TimingDelay_Decrement                    0x08001709   Thumb Code    16  delay.o(i.TimingDelay_Decrement)
    USART1_IRQHandler                        0x0800171d   Thumb Code     4  stm32f4xx_it.o(i.USART1_IRQHandler)
    USART_ClearITPendingBit                  0x08001721   Thumb Code    12  stm32f4xx_usart.o(i.USART_ClearITPendingBit)
    USART_Cmd                                0x0800172d   Thumb Code    20  stm32f4xx_usart.o(i.USART_Cmd)
    USART_GPIO_Config                        0x08001741   Thumb Code    80  usart.o(i.USART_GPIO_Config)
    USART_GetITStatus                        0x08001795   Thumb Code    62  stm32f4xx_usart.o(i.USART_GetITStatus)
    USART_ITConfig                           0x080017d3   Thumb Code    48  stm32f4xx_usart.o(i.USART_ITConfig)
    USART_Init                               0x08001805   Thumb Code   164  stm32f4xx_usart.o(i.USART_Init)
    USART_ReceiveData                        0x080018b1   Thumb Code     8  stm32f4xx_usart.o(i.USART_ReceiveData)
    UsageFault_Handler                       0x080018b9   Thumb Code     2  stm32f4xx_it.o(i.UsageFault_Handler)
    Usart_Config                             0x080018bd   Thumb Code    84  usart.o(i.Usart_Config)
    __0sprintf                               0x08001919   Thumb Code    34  printfa.o(i.__0sprintf)
    __1sprintf                               0x08001919   Thumb Code     0  printfa.o(i.__0sprintf)
    __2sprintf                               0x08001919   Thumb Code     0  printfa.o(i.__0sprintf)
    __c89sprintf                             0x08001919   Thumb Code     0  printfa.o(i.__0sprintf)
    sprintf                                  0x08001919   Thumb Code     0  printfa.o(i.__0sprintf)
    __scatterload_copy                       0x08001941   Thumb Code    14  handlers.o(i.__scatterload_copy)
    __scatterload_null                       0x0800194f   Thumb Code     2  handlers.o(i.__scatterload_null)
    __scatterload_zeroinit                   0x08001951   Thumb Code    14  handlers.o(i.__scatterload_zeroinit)
    main                                     0x080021f5   Thumb Code   152  main.o(i.main)
    ASCII_2412_Table                         0x08002290   Data        4560  lcd_fonts.o(.constdata)
    ASCII_1608_Table                         0x08003460   Data        1520  lcd_fonts.o(.constdata)
    Region$$Table$$Base                      0x08003a50   Number         0  anon$$obj.o(Region$$Table)
    Region$$Table$$Limit                     0x08003a70   Number         0  anon$$obj.o(Region$$Table)
    ASCII_Font24                             0x20000014   Data          12  lcd_fonts.o(.data)
    ASCII_Font16                             0x20000020   Data          12  lcd_fonts.o(.data)
    SystemCoreClock                          0x20000034   Data           4  system_stm32f4xx.o(.data)
    AHBPrescTable                            0x20000038   Data          16  system_stm32f4xx.o(.data)
    LCD_Buff                                 0x200000f8   Data        2048  lcd_spi_154.o(.bss)
    LCD                                      0x200008f8   Data          16  lcd_spi_154.o(.bss)
    __initial_sp                             0x20000d08   Data           0  startup_stm32f40_41xxx.o(STACK)



==============================================================================

Memory Map of the image

  Image Entry point : 0x08000189

  Load Region LR_IROM1 (Base: 0x08000000, Size: 0x00003ac8, Max: 0x00100000, ABSOLUTE)

    Execution Region ER_IROM1 (Exec base: 0x08000000, Load base: 0x08000000, Size: 0x00003a70, Max: 0x00100000, ABSOLUTE)

    Exec Addr    Load Addr    Size         Type   Attr      Idx    E Section Name        Object

    0x08000000   0x08000000   0x00000188   Data   RO          915    RESET               startup_stm32f40_41xxx.o
    0x08000188   0x08000188   0x00000000   Code   RO         1813  * .ARM.Collect$$$$00000000  mc_w.l(entry.o)
    0x08000188   0x08000188   0x00000004   Code   RO         2077    .ARM.Collect$$$$00000001  mc_w.l(entry2.o)
    0x0800018c   0x0800018c   0x00000004   Code   RO         2080    .ARM.Collect$$$$00000004  mc_w.l(entry5.o)
    0x08000190   0x08000190   0x00000000   Code   RO         2082    .ARM.Collect$$$$00000008  mc_w.l(entry7b.o)
    0x08000190   0x08000190   0x00000000   Code   RO         2084    .ARM.Collect$$$$0000000A  mc_w.l(entry8b.o)
    0x08000190   0x08000190   0x00000008   Code   RO         2085    .ARM.Collect$$$$0000000B  mc_w.l(entry9a.o)
    0x08000198   0x08000198   0x00000004   Code   RO         2092    .ARM.Collect$$$$0000000E  mc_w.l(entry12b.o)
    0x0800019c   0x0800019c   0x00000000   Code   RO         2087    .ARM.Collect$$$$0000000F  mc_w.l(entry10a.o)
    0x0800019c   0x0800019c   0x00000000   Code   RO         2089    .ARM.Collect$$$$00000011  mc_w.l(entry11a.o)
    0x0800019c   0x0800019c   0x00000004   Code   RO         2078    .ARM.Collect$$$$00002712  mc_w.l(entry2.o)
    0x080001a0   0x080001a0   0x00000024   Code   RO          916    .text               startup_stm32f40_41xxx.o
    0x080001c4   0x080001c4   0x0000002c   Code   RO         2094    .text               mc_w.l(uidiv.o)
    0x080001f0   0x080001f0   0x00000062   Code   RO         2096    .text               mc_w.l(uldiv.o)
    0x08000252   0x08000252   0x00000000   Code   RO         2098    .text               mc_w.l(iusefp.o)
    0x08000252   0x08000252   0x0000014e   Code   RO         2099    .text               mf_w.l(dadd.o)
    0x080003a0   0x080003a0   0x000000e4   Code   RO         2101    .text               mf_w.l(dmul.o)
    0x08000484   0x08000484   0x000000de   Code   RO         2103    .text               mf_w.l(ddiv.o)
    0x08000562   0x08000562   0x00000030   Code   RO         2105    .text               mf_w.l(dfixul.o)
    0x08000592   0x08000592   0x00000002   PAD
    0x08000594   0x08000594   0x00000030   Code   RO         2107    .text               mf_w.l(cdrcmple.o)
    0x080005c4   0x080005c4   0x00000024   Code   RO         2109    .text               mc_w.l(init.o)
    0x080005e8   0x080005e8   0x0000001e   Code   RO         2111    .text               mc_w.l(llshl.o)
    0x08000606   0x08000606   0x00000020   Code   RO         2113    .text               mc_w.l(llushr.o)
    0x08000626   0x08000626   0x00000024   Code   RO         2115    .text               mc_w.l(llsshr.o)
    0x0800064a   0x0800064a   0x000000ba   Code   RO         2117    .text               mf_w.l(depilogue.o)
    0x08000704   0x08000704   0x00000002   Code   RO          209    i.BusFault_Handler  stm32f4xx_it.o
    0x08000706   0x08000706   0x00000002   Code   RO          210    i.DebugMon_Handler  stm32f4xx_it.o
    0x08000708   0x08000708   0x00000034   Code   RO          418    i.Delay_Init        delay.o
    0x0800073c   0x0800073c   0x00000010   Code   RO          419    i.Delay_ms          delay.o
    0x0800074c   0x0800074c   0x000000a2   Code   RO         1355    i.GPIO_Init         stm32f4xx_gpio.o
    0x080007ee   0x080007ee   0x00000020   Code   RO         1356    i.GPIO_PinAFConfig  stm32f4xx_gpio.o
    0x0800080e   0x0800080e   0x0000000e   Code   RO         1359    i.GPIO_ReadInputDataBit  stm32f4xx_gpio.o
    0x0800081c   0x0800081c   0x00000004   Code   RO         1362    i.GPIO_ResetBits    stm32f4xx_gpio.o
    0x08000820   0x08000820   0x00000004   Code   RO         1363    i.GPIO_SetBits      stm32f4xx_gpio.o
    0x08000824   0x08000824   0x00000002   Code   RO          211    i.HardFault_Handler  stm32f4xx_it.o
    0x08000826   0x08000826   0x0000004a   Code   RO            4    i.K230_NextToken    main.o
    0x08000870   0x08000870   0x000000b8   Code   RO            5    i.K230_ParseMouseData  main.o
    0x08000928   0x08000928   0x00000024   Code   RO            6    i.K230_ParseNumber  main.o
    0x0800094c   0x0800094c   0x00000052   Code   RO            7    i.K230_ParseStatus  main.o
    0x0800099e   0x0800099e   0x00000002   PAD
    0x080009a0   0x080009a0   0x00000040   Code   RO          590    i.K230_ReadLine     usart.o
    0x080009e0   0x080009e0   0x00000078   Code   RO          591    i.K230_UartRxHandler  usart.o
    0x08000a58   0x08000a58   0x0000002c   Code   RO          560    i.KEY_Init          key.o
    0x08000a84   0x08000a84   0x0000003c   Code   RO          561    i.KEY_Scan          key.o
    0x08000ac0   0x08000ac0   0x00000094   Code   RO          691    i.LCD_Clear         lcd_spi_154.o
    0x08000b54   0x08000b54   0x0000002c   Code   RO          693    i.LCD_Delay         lcd_spi_154.o
    0x08000b80   0x08000b80   0x000000c0   Code   RO          694    i.LCD_DisplayChar   lcd_spi_154.o
    0x08000c40   0x08000c40   0x0000003c   Code   RO          697    i.LCD_DisplayNumber  lcd_spi_154.o
    0x08000c7c   0x08000c7c   0x0000003c   Code   RO          698    i.LCD_DisplayString  lcd_spi_154.o
    0x08000cb8   0x08000cb8   0x00000040   Code   RO          704    i.LCD_DrawLine_H    lcd_spi_154.o
    0x08000cf8   0x08000cf8   0x000000ac   Code   RO          710    i.LCD_GPIO_Config   lcd_spi_154.o
    0x08000da4   0x08000da4   0x0000005c   Code   RO          711    i.LCD_SPI_Config    lcd_spi_154.o
    0x08000e00   0x08000e00   0x00000074   Code   RO          712    i.LCD_SetAddress    lcd_spi_154.o
    0x08000e74   0x08000e74   0x0000000c   Code   RO          713    i.LCD_SetAsciiFont  lcd_spi_154.o
    0x08000e80   0x08000e80   0x00000024   Code   RO          714    i.LCD_SetBackColor  lcd_spi_154.o
    0x08000ea4   0x08000ea4   0x00000024   Code   RO          715    i.LCD_SetColor      lcd_spi_154.o
    0x08000ec8   0x08000ec8   0x00000088   Code   RO          716    i.LCD_SetDirection  lcd_spi_154.o
    0x08000f50   0x08000f50   0x0000000c   Code   RO          718    i.LCD_ShowNumMode   lcd_spi_154.o
    0x08000f5c   0x08000f5c   0x0000006c   Code   RO          719    i.LCD_WriteBuff     lcd_spi_154.o
    0x08000fc8   0x08000fc8   0x00000044   Code   RO          720    i.LCD_WriteCommand  lcd_spi_154.o
    0x0800100c   0x0800100c   0x0000001c   Code   RO          721    i.LCD_WriteData_16bit  lcd_spi_154.o
    0x08001028   0x08001028   0x00000014   Code   RO          722    i.LCD_WriteData_8bit  lcd_spi_154.o
    0x0800103c   0x0800103c   0x0000003c   Code   RO          394    i.LED_Init          led.o
    0x08001078   0x08001078   0x00000002   Code   RO          212    i.MemManage_Handler  stm32f4xx_it.o
    0x0800107a   0x0800107a   0x00000002   PAD
    0x0800107c   0x0800107c   0x00000078   Code   RO            8    i.MouseDisplay_DrawHeader  main.o
    0x080010f4   0x080010f4   0x00000044   Code   RO            9    i.MouseDisplay_DrawLine  main.o
    0x08001138   0x08001138   0x00000080   Code   RO           10    i.MouseDisplay_DrawMouse  main.o
    0x080011b8   0x080011b8   0x00000090   Code   RO           11    i.MouseDisplay_DrawStatus  main.o
    0x08001248   0x08001248   0x000000a4   Code   RO           12    i.MouseDisplay_DrawSummary  main.o
    0x080012ec   0x080012ec   0x00000002   Code   RO          213    i.NMI_Handler       stm32f4xx_it.o
    0x080012ee   0x080012ee   0x00000002   Code   RO          214    i.PendSV_Handler    stm32f4xx_it.o
    0x080012f0   0x080012f0   0x00000018   Code   RO         1016    i.RCC_AHB1PeriphClockCmd  stm32f4xx_rcc.o
    0x08001308   0x08001308   0x00000018   Code   RO         1025    i.RCC_APB1PeriphClockCmd  stm32f4xx_rcc.o
    0x08001320   0x08001320   0x00000018   Code   RO         1028    i.RCC_APB2PeriphClockCmd  stm32f4xx_rcc.o
    0x08001338   0x08001338   0x00000090   Code   RO         1037    i.RCC_GetClocksFreq  stm32f4xx_rcc.o
    0x080013c8   0x080013c8   0x00000014   Code   RO         1654    i.SPI_Cmd           stm32f4xx_spi.o
    0x080013dc   0x080013dc   0x00000038   Code   RO         1667    i.SPI_Init          stm32f4xx_spi.o
    0x08001414   0x08001414   0x000001dc   Code   RO          723    i.SPI_LCD_Init      lcd_spi_154.o
    0x080015f0   0x080015f0   0x00000002   Code   RO          215    i.SVC_Handler       stm32f4xx_it.o
    0x080015f2   0x080015f2   0x00000002   PAD
    0x080015f4   0x080015f4   0x000000b4   Code   RO          923    i.SetSysClock       system_stm32f4xx.o
    0x080016a8   0x080016a8   0x00000004   Code   RO          216    i.SysTick_Handler   stm32f4xx_it.o
    0x080016ac   0x080016ac   0x0000005c   Code   RO          925    i.SystemInit        system_stm32f4xx.o
    0x08001708   0x08001708   0x00000014   Code   RO          420    i.TimingDelay_Decrement  delay.o
    0x0800171c   0x0800171c   0x00000004   Code   RO          217    i.USART1_IRQHandler  stm32f4xx_it.o
    0x08001720   0x08001720   0x0000000c   Code   RO         1457    i.USART_ClearITPendingBit  stm32f4xx_usart.o
    0x0800172c   0x0800172c   0x00000014   Code   RO         1460    i.USART_Cmd         stm32f4xx_usart.o
    0x08001740   0x08001740   0x00000054   Code   RO          592    i.USART_GPIO_Config  usart.o
    0x08001794   0x08001794   0x0000003e   Code   RO         1464    i.USART_GetITStatus  stm32f4xx_usart.o
    0x080017d2   0x080017d2   0x00000030   Code   RO         1466    i.USART_ITConfig    stm32f4xx_usart.o
    0x08001802   0x08001802   0x00000002   PAD
    0x08001804   0x08001804   0x000000ac   Code   RO         1467    i.USART_Init        stm32f4xx_usart.o
    0x080018b0   0x080018b0   0x00000008   Code   RO         1474    i.USART_ReceiveData  stm32f4xx_usart.o
    0x080018b8   0x080018b8   0x00000002   Code   RO          218    i.UsageFault_Handler  stm32f4xx_it.o
    0x080018ba   0x080018ba   0x00000002   PAD
    0x080018bc   0x080018bc   0x0000005c   Code   RO          593    i.Usart_Config      usart.o
    0x08001918   0x08001918   0x00000028   Code   RO         2051    i.__0sprintf        mc_w.l(printfa.o)
    0x08001940   0x08001940   0x0000000e   Code   RO         2121    i.__scatterload_copy  mc_w.l(handlers.o)
    0x0800194e   0x0800194e   0x00000002   Code   RO         2122    i.__scatterload_null  mc_w.l(handlers.o)
    0x08001950   0x08001950   0x0000000e   Code   RO         2123    i.__scatterload_zeroinit  mc_w.l(handlers.o)
    0x0800195e   0x0800195e   0x00000002   PAD
    0x08001960   0x08001960   0x00000184   Code   RO         2056    i._fp_digits        mc_w.l(printfa.o)
    0x08001ae4   0x08001ae4   0x000006b4   Code   RO         2057    i._printf_core      mc_w.l(printfa.o)
    0x08002198   0x08002198   0x00000024   Code   RO         2058    i._printf_post_padding  mc_w.l(printfa.o)
    0x080021bc   0x080021bc   0x0000002e   Code   RO         2059    i._printf_pre_padding  mc_w.l(printfa.o)
    0x080021ea   0x080021ea   0x0000000a   Code   RO         2061    i._sputc            mc_w.l(printfa.o)
    0x080021f4   0x080021f4   0x0000009c   Code   RO           13    i.main              main.o
    0x08002290   0x08002290   0x000011d0   Data   RO          648    .constdata          lcd_fonts.o
    0x08003460   0x08003460   0x000005f0   Data   RO          650    .constdata          lcd_fonts.o
    0x08003a50   0x08003a50   0x00000020   Data   RO         2119    Region$$Table       anon$$obj.o


    Execution Region RW_IRAM1 (Exec base: 0x20000000, Load base: 0x08003a70, Size: 0x00000d08, Max: 0x00020000, ABSOLUTE)

    Exec Addr    Load Addr    Size         Type   Attr      Idx    E Section Name        Object

    0x20000000   0x08003a70   0x00000009   Data   RW           14    .data               main.o
    0x20000009   0x08003a79   0x00000003   PAD
    0x2000000c   0x08003a7c   0x00000004   Data   RW          421    .data               delay.o
    0x20000010   0x08003a80   0x00000004   Data   RW          596    .data               usart.o
    0x20000014   0x08003a84   0x0000000c   Data   RW          658    .data               lcd_fonts.o
    0x20000020   0x08003a90   0x0000000c   Data   RW          660    .data               lcd_fonts.o
    0x2000002c   0x08003a9c   0x00000008   Data   RW          725    .data               lcd_spi_154.o
    0x20000034   0x08003aa4   0x00000014   Data   RW          926    .data               system_stm32f4xx.o
    0x20000048   0x08003ab8   0x00000010   Data   RW         1069    .data               stm32f4xx_rcc.o
    0x20000058        -       0x000000a0   Zero   RW          595    .bss                usart.o
    0x200000f8        -       0x00000810   Zero   RW          724    .bss                lcd_spi_154.o
    0x20000908        -       0x00000400   Zero   RW          913    STACK               startup_stm32f40_41xxx.o


==============================================================================

Image component sizes


      Code (inc. data)   RO Data    RW Data    ZI Data      Debug   Object Name

        88         16          0          4          0     302807   delay.o
       104         10          0          0          0       1150   key.o
         0          0       6080         24          0       2143   lcd_fonts.o
      1880        180          0          8       2064      14966   lcd_spi_154.o
        60          6          0          0          0        563   led.o
      1156        200          0          9          0     262767   main.o
        36          8        392          0       1024        976   startup_stm32f40_41xxx.o
       216          0          0          0          0       4315   stm32f4xx_gpio.o
        24          0          0          0          0      20306   stm32f4xx_it.o
       216         30          0         16          0       5523   stm32f4xx_rcc.o
        76          0          0          0          0       2153   stm32f4xx_spi.o
       322          8          0          0          0       5804   stm32f4xx_usart.o
       272         36          0         20          0       2469   system_stm32f4xx.o
       360         36          0          4        160      29563   usart.o

    ----------------------------------------------------------------------
      4820        530       6504         88       3248     655505   Object Totals
         0          0         32          0          0          0   (incl. Generated)
        10          0          0          3          0          0   (incl. Padding)

    ----------------------------------------------------------------------

      Code (inc. data)   RO Data    RW Data    ZI Data      Debug   Library Member Name

         0          0          0          0          0          0   entry.o
         0          0          0          0          0          0   entry10a.o
         0          0          0          0          0          0   entry11a.o
         4          0          0          0          0          0   entry12b.o
         8          4          0          0          0          0   entry2.o
         4          0          0          0          0          0   entry5.o
         0          0          0          0          0          0   entry7b.o
         0          0          0          0          0          0   entry8b.o
         8          4          0          0          0          0   entry9a.o
        30          0          0          0          0          0   handlers.o
        36          8          0          0          0         68   init.o
         0          0          0          0          0          0   iusefp.o
        30          0          0          0          0         68   llshl.o
        36          0          0          0          0         68   llsshr.o
        32          0          0          0          0         68   llushr.o
      2236         86          0          0          0        532   printfa.o
        44          0          0          0          0         80   uidiv.o
        98          0          0          0          0         92   uldiv.o
        48          0          0          0          0         68   cdrcmple.o
       334          0          0          0          0        148   dadd.o
       222          0          0          0          0        100   ddiv.o
       186          0          0          0          0        176   depilogue.o
        48          0          0          0          0         68   dfixul.o
       228          0          0          0          0         96   dmul.o

    ----------------------------------------------------------------------
      3636        102          0          0          0       1632   Library Totals
         4          0          0          0          0          0   (incl. Padding)

    ----------------------------------------------------------------------

      Code (inc. data)   RO Data    RW Data    ZI Data      Debug   Library Name

      2566        102          0          0          0        976   mc_w.l
      1066          0          0          0          0        656   mf_w.l

    ----------------------------------------------------------------------
      3636        102          0          0          0       1632   Library Totals

    ----------------------------------------------------------------------

==============================================================================


      Code (inc. data)   RO Data    RW Data    ZI Data      Debug   

      8456        632       6504         88       3248     650409   Grand Totals
      8456        632       6504         88       3248     650409   ELF Image Totals
      8456        632       6504         88          0          0   ROM Totals

==============================================================================

    Total RO  Size (Code + RO Data)                14960 (  14.61kB)
    Total RW  Size (RW Data + ZI Data)              3336 (   3.26kB)
    Total ROM Size (Code + RO Data + RW Data)      15048 (  14.70kB)

==============================================================================

